Sending build context to Docker daemon  6.115MB
Step 1/19 : FROM julia:1.5.0
1.5.0: Pulling from library/julia
bf5952930446: Already exists
09cf61844c59: Already exists
fb69c373bb8b: Already exists
Digest: sha256:868ef27789c54fdda23043f8586a00bbb7abd61a570b001c0868177208953914
Status: Downloaded newer image for julia:1.5.0
 ---> 2a8355d1e4b2
Step 2/19 : RUN apt-get update &&     apt-get install -y     build-essential     cmake     curl     ca-certificates     xvfb     dvipng     texlive-latex-recommended      zip     libxt6 libxrender1 libxext6 libgl1-mesa-glx libqt5widgets5 # GR &&     apt-get clean && rm -rf /var/lib/apt/lists/* # clean up
 ---> Using cache
 ---> fb51a1425037
Step 3/19 : RUN curl --proto '=https' --tlsv1.2 -sSf https://sh.rustup.rs | sh -s -- -y
 ---> Using cache
 ---> 4133ebd01171
Step 4/19 : ENV PATH /root/.cargo/bin:$PATH
 ---> Using cache
 ---> bf023c492e40
Step 5/19 : RUN mkdir -p ${HOME}/.julia/config &&     echo 'ENV["R_HOME"]="*" \nENV["PYTHON"]="" \n' >> ${HOME}/.julia/config/startup.jl && cat ${HOME}/.julia/config/startup.jl
 ---> Using cache
 ---> e9760ac80a74
Step 6/19 : RUN julia -e 'using Pkg; Pkg.add(["PyCall", "Conda"]); using PyCall, Conda;Pkg.add(["Documenter", "Literate", "Weave", "Franklin", "NodeJS", "Remark"]); '
 ---> Using cache
 ---> d601f410d687
Step 7/19 : RUN julia -e "using NodeJS; run(\`\$(npm_cmd()) install highlight.js\`); using Franklin"
 ---> Using cache
 ---> 4e07ec6d5b42
Step 8/19 : ENV PATH /root/.julia/conda/3/bin:$PATH
 ---> Using cache
 ---> a725d6bfcda7
Step 9/19 : RUN conda install -y     matplotlib     numpy     sympy     numba
 ---> Running in 6aa80fe8ff04
Collecting package metadata (current_repodata.json): ...working... done
Solving environment: ...working... done

## Package Plan ##

  environment location: /root/.julia/conda/3

  added / updated specs:
    - matplotlib
    - numba
    - numpy
    - sympy


The following packages will be downloaded:

    package                    |            build
    ---------------------------|-----------------
    cycler-0.10.0              |           py38_0          14 KB
    dbus-1.13.16               |       hb2f20db_0         501 KB
    expat-2.2.9                |       he6710b0_2         156 KB
    fastcache-1.1.0            |   py38h7b6447c_0          36 KB
    fontconfig-2.13.0          |       h9420a91_0         227 KB
    freetype-2.10.2            |       h5ab3b9f_0         608 KB
    glib-2.65.0                |       h3eb4bd4_0         2.9 MB
    gmp-6.1.2                  |       h6c8ec71_1         514 KB
    gmpy2-2.0.8                |   py38hd5f6e3b_3         162 KB
    gst-plugins-base-1.14.0    |       hbbd80ab_1         4.8 MB
    gstreamer-1.14.0           |       hb31296c_0         3.1 MB
    icu-58.2                   |       he6710b0_3        10.5 MB
    jpeg-9b                    |       h024ee3a_2         214 KB
    kiwisolver-1.2.0           |   py38hfd86e86_0          84 KB
    libllvm9-9.0.1             |       h4a3c616_1        21.0 MB
    libpng-1.6.37              |       hbc83047_0         278 KB
    libuuid-1.0.3              |       h1bed415_2          15 KB
    libxcb-1.14                |       h7b6447c_0         505 KB
    libxml2-2.9.10             |       he19cac6_1         1.2 MB
    llvmlite-0.33.0            |   py38hc6ec683_1        17.3 MB
    matplotlib-3.2.2           |                0          21 KB
    matplotlib-base-3.2.2      |   py38hef1b27d_0         5.4 MB
    mpc-1.1.0                  |       h10f8cd9_1          90 KB
    mpfr-4.0.2                 |       hb69a4c5_1         487 KB
    mpmath-1.1.0               |           py38_0         776 KB
    numba-0.50.1               |   py38h0573a6f_1         3.2 MB
    pcre-8.44                  |       he6710b0_0         212 KB
    pyparsing-2.4.7            |             py_0          65 KB
    pyqt-5.9.2                 |   py38h05f1152_4         4.5 MB
    python-dateutil-2.8.1      |             py_0         215 KB
    qt-5.9.7                   |       h5867ecd_1        68.5 MB
    sip-4.19.13                |   py38he6710b0_0         277 KB
    sympy-1.6.1                |           py38_0         8.6 MB
    tbb-2020.0                 |       hfd86e86_0         1.1 MB
    tornado-6.0.4              |   py38h7b6447c_1         603 KB
    ------------------------------------------------------------
                                           Total:       158.0 MB

The following NEW packages will be INSTALLED:

  cycler             pkgs/main/linux-64::cycler-0.10.0-py38_0
  dbus               pkgs/main/linux-64::dbus-1.13.16-hb2f20db_0
  expat              pkgs/main/linux-64::expat-2.2.9-he6710b0_2
  fastcache          pkgs/main/linux-64::fastcache-1.1.0-py38h7b6447c_0
  fontconfig         pkgs/main/linux-64::fontconfig-2.13.0-h9420a91_0
  freetype           pkgs/main/linux-64::freetype-2.10.2-h5ab3b9f_0
  glib               pkgs/main/linux-64::glib-2.65.0-h3eb4bd4_0
  gmp                pkgs/main/linux-64::gmp-6.1.2-h6c8ec71_1
  gmpy2              pkgs/main/linux-64::gmpy2-2.0.8-py38hd5f6e3b_3
  gst-plugins-base   pkgs/main/linux-64::gst-plugins-base-1.14.0-hbbd80ab_1
  gstreamer          pkgs/main/linux-64::gstreamer-1.14.0-hb31296c_0
  icu                pkgs/main/linux-64::icu-58.2-he6710b0_3
  jpeg               pkgs/main/linux-64::jpeg-9b-h024ee3a_2
  kiwisolver         pkgs/main/linux-64::kiwisolver-1.2.0-py38hfd86e86_0
  libllvm9           pkgs/main/linux-64::libllvm9-9.0.1-h4a3c616_1
  libpng             pkgs/main/linux-64::libpng-1.6.37-hbc83047_0
  libuuid            pkgs/main/linux-64::libuuid-1.0.3-h1bed415_2
  libxcb             pkgs/main/linux-64::libxcb-1.14-h7b6447c_0
  libxml2            pkgs/main/linux-64::libxml2-2.9.10-he19cac6_1
  llvmlite           pkgs/main/linux-64::llvmlite-0.33.0-py38hc6ec683_1
  matplotlib         pkgs/main/linux-64::matplotlib-3.2.2-0
  matplotlib-base    pkgs/main/linux-64::matplotlib-base-3.2.2-py38hef1b27d_0
  mpc                pkgs/main/linux-64::mpc-1.1.0-h10f8cd9_1
  mpfr               pkgs/main/linux-64::mpfr-4.0.2-hb69a4c5_1
  mpmath             pkgs/main/linux-64::mpmath-1.1.0-py38_0
  numba              pkgs/main/linux-64::numba-0.50.1-py38h0573a6f_1
  pcre               pkgs/main/linux-64::pcre-8.44-he6710b0_0
  pyparsing          pkgs/main/noarch::pyparsing-2.4.7-py_0
  pyqt               pkgs/main/linux-64::pyqt-5.9.2-py38h05f1152_4
  python-dateutil    pkgs/main/noarch::python-dateutil-2.8.1-py_0
  qt                 pkgs/main/linux-64::qt-5.9.7-h5867ecd_1
  sip                pkgs/main/linux-64::sip-4.19.13-py38he6710b0_0
  sympy              pkgs/main/linux-64::sympy-1.6.1-py38_0
  tbb                pkgs/main/linux-64::tbb-2020.0-hfd86e86_0
  tornado            pkgs/main/linux-64::tornado-6.0.4-py38h7b6447c_1



Downloading and Extracting Packages
numba-0.50.1         | 3.2 MB    |            |   0% numba-0.50.1         | 3.2 MB    | ########## | 100% 
libuuid-1.0.3        | 15 KB     |            |   0% libuuid-1.0.3        | 15 KB     | ########## | 100% 
dbus-1.13.16         | 501 KB    |            |   0% dbus-1.13.16         | 501 KB    | ########## | 100% 
expat-2.2.9          | 156 KB    |            |   0% expat-2.2.9          | 156 KB    | ########## | 100% 
mpfr-4.0.2           | 487 KB    |            |   0% mpfr-4.0.2           | 487 KB    | ########## | 100% 
fontconfig-2.13.0    | 227 KB    |            |   0% fontconfig-2.13.0    | 227 KB    | ########## | 100% 
mpc-1.1.0            | 90 KB     |            |   0% mpc-1.1.0            | 90 KB     | ########## | 100% 
gst-plugins-base-1.1 | 4.8 MB    |            |   0% gst-plugins-base-1.1 | 4.8 MB    | ########## | 100% 
matplotlib-3.2.2     | 21 KB     |            |   0% matplotlib-3.2.2     | 21 KB     | ########## | 100% 
glib-2.65.0          | 2.9 MB    |            |   0% glib-2.65.0          | 2.9 MB    | ########## | 100% 
icu-58.2             | 10.5 MB   |            |   0% icu-58.2             | 10.5 MB   | ########## | 100% 
freetype-2.10.2      | 608 KB    |            |   0% freetype-2.10.2      | 608 KB    | ########## | 100% 
sip-4.19.13          | 277 KB    |            |   0% sip-4.19.13          | 277 KB    | ########## | 100% 
python-dateutil-2.8. | 215 KB    |            |   0% python-dateutil-2.8. | 215 KB    | ########## | 100% 
pyparsing-2.4.7      | 65 KB     |            |   0% pyparsing-2.4.7      | 65 KB     | ########## | 100% 
tbb-2020.0           | 1.1 MB    |            |   0% tbb-2020.0           | 1.1 MB    | ########## | 100% 
matplotlib-base-3.2. | 5.4 MB    |            |   0% matplotlib-base-3.2. | 5.4 MB    | ########## | 100% 
pcre-8.44            | 212 KB    |            |   0% pcre-8.44            | 212 KB    | ########## | 100% 
libllvm9-9.0.1       | 21.0 MB   |            |   0% libllvm9-9.0.1       | 21.0 MB   | ######5    |  65% libllvm9-9.0.1       | 21.0 MB   | ########## | 100% 
cycler-0.10.0        | 14 KB     |            |   0% cycler-0.10.0        | 14 KB     | ########## | 100% 
jpeg-9b              | 214 KB    |            |   0% jpeg-9b              | 214 KB    | ########## | 100% 
libxcb-1.14          | 505 KB    |            |   0% libxcb-1.14          | 505 KB    | ########## | 100% 
llvmlite-0.33.0      | 17.3 MB   |            |   0% llvmlite-0.33.0      | 17.3 MB   | ######4    |  64% llvmlite-0.33.0      | 17.3 MB   | ########## | 100% 
fastcache-1.1.0      | 36 KB     |            |   0% fastcache-1.1.0      | 36 KB     | ########## | 100% 
libxml2-2.9.10       | 1.2 MB    |            |   0% libxml2-2.9.10       | 1.2 MB    | ########## | 100% 
kiwisolver-1.2.0     | 84 KB     |            |   0% kiwisolver-1.2.0     | 84 KB     | ########## | 100% 
gmp-6.1.2            | 514 KB    |            |   0% gmp-6.1.2            | 514 KB    | ########## | 100% 
qt-5.9.7             | 68.5 MB   |            |   0% qt-5.9.7             | 68.5 MB   | #7         |  17% qt-5.9.7             | 68.5 MB   | ###9       |  40% qt-5.9.7             | 68.5 MB   | ######2    |  62% qt-5.9.7             | 68.5 MB   | ########5  |  85% qt-5.9.7             | 68.5 MB   | ########## | 100% 
libpng-1.6.37        | 278 KB    |            |   0% libpng-1.6.37        | 278 KB    | ########## | 100% 
pyqt-5.9.2           | 4.5 MB    |            |   0% pyqt-5.9.2           | 4.5 MB    | ########## | 100% 
gmpy2-2.0.8          | 162 KB    |            |   0% gmpy2-2.0.8          | 162 KB    | ########## | 100% 
tornado-6.0.4        | 603 KB    |            |   0% tornado-6.0.4        | 603 KB    | ########## | 100% 
mpmath-1.1.0         | 776 KB    |            |   0% mpmath-1.1.0         | 776 KB    | ########## | 100% 
gstreamer-1.14.0     | 3.1 MB    |            |   0% gstreamer-1.14.0     | 3.1 MB    | ########## | 100% 
sympy-1.6.1          | 8.6 MB    |            |   0% sympy-1.6.1          | 8.6 MB    | ########## | 100% 
Preparing transaction: ...working... done
Verifying transaction: ...working... done
Executing transaction: ...working... done
Removing intermediate container 6aa80fe8ff04
 ---> 3820f0e6cb06
Step 10/19 : RUN	conda install r-base=3.4 &&     julia -e 'using Pkg; pkg"add RCall"; Pkg.build("RCall"); using RCall'
 ---> Running in af2f753e1e20
Collecting package metadata (current_repodata.json): ...working... done
Solving environment: ...working... failed with initial frozen solve. Retrying with flexible solve.
Solving environment: ...working... failed with repodata from current_repodata.json, will retry with next repodata source.
Collecting package metadata (repodata.json): ...working... done
Solving environment: ...working... done

## Package Plan ##

  environment location: /root/.julia/conda/3

  added / updated specs:
    - r-base=3.4


The following packages will be downloaded:

    package                    |            build
    ---------------------------|-----------------
    _r-mutex-1.0.0             |      anacondar_1           3 KB
    binutils_impl_linux-64-2.33.1|       he6710b0_7         3.7 MB
    binutils_linux-64-2.33.1   |      h9595d00_15          26 KB
    bwidget-1.9.11             |                1         116 KB
    bzip2-1.0.8                |       h7b6447c_0          78 KB
    cairo-1.14.12              |       h8948797_3         906 KB
    cffi-1.14.0                |   py38h2e261b9_0         226 KB
    curl-7.71.1                |       hbc83047_1         140 KB
    fribidi-1.0.9              |       h7b6447c_0         104 KB
    gcc_impl_linux-64-7.3.0    |       habb00fd_1        41.9 MB
    gcc_linux-64-7.3.0         |      h553295d_15          27 KB
    gfortran_impl_linux-64-7.3.0|       hdf63c60_1         7.8 MB
    gfortran_linux-64-7.3.0    |      h553295d_15          27 KB
    glib-2.63.1                |       h5a9c865_0         2.9 MB
    graphite2-1.3.14           |       h23475e2_0          99 KB
    gxx_impl_linux-64-7.3.0    |       hdf63c60_1        15.0 MB
    gxx_linux-64-7.3.0         |      h553295d_15          26 KB
    harfbuzz-1.8.8             |       hffaf4a1_0         507 KB
    krb5-1.18.2                |       h173b8e3_0         1.3 MB
    libcurl-7.71.1             |       h20c2e04_1         305 KB
    libffi-3.2.1               |       hd88cf55_4          40 KB
    libgfortran-ng-7.3.0       |       hdf63c60_0        1006 KB
    libssh2-1.9.0              |       h1ba5d50_1         269 KB
    libtiff-4.1.0              |       h2733197_1         449 KB
    lz4-c-1.9.2                |       he6710b0_1         190 KB
    pango-1.42.4               |       h049681c_0         464 KB
    pixman-0.40.0              |       h7b6447c_0         370 KB
    python-3.8.2               |       h191fe78_0        49.6 MB
    r-base-3.4.3               |       h9bb98a2_5        25.9 MB
    readline-7.0               |       h7b6447c_5         324 KB
    tktable-2.10               |       h14c3975_0          86 KB
    zstd-1.4.5                 |       h9ceee32_0         619 KB
    ------------------------------------------------------------
                                           Total:       154.2 MB

The following NEW packages will be INSTALLED:

  _r-mutex           pkgs/r/linux-64::_r-mutex-1.0.0-anacondar_1
  binutils_impl_lin~ pkgs/main/linux-64::binutils_impl_linux-64-2.33.1-he6710b0_7
  binutils_linux-64  pkgs/main/linux-64::binutils_linux-64-2.33.1-h9595d00_15
  bwidget            pkgs/main/linux-64::bwidget-1.9.11-1
  bzip2              pkgs/main/linux-64::bzip2-1.0.8-h7b6447c_0
  cairo              pkgs/main/linux-64::cairo-1.14.12-h8948797_3
  curl               pkgs/main/linux-64::curl-7.71.1-hbc83047_1
  fribidi            pkgs/main/linux-64::fribidi-1.0.9-h7b6447c_0
  gcc_impl_linux-64  pkgs/main/linux-64::gcc_impl_linux-64-7.3.0-habb00fd_1
  gcc_linux-64       pkgs/main/linux-64::gcc_linux-64-7.3.0-h553295d_15
  gfortran_impl_lin~ pkgs/main/linux-64::gfortran_impl_linux-64-7.3.0-hdf63c60_1
  gfortran_linux-64  pkgs/main/linux-64::gfortran_linux-64-7.3.0-h553295d_15
  graphite2          pkgs/main/linux-64::graphite2-1.3.14-h23475e2_0
  gxx_impl_linux-64  pkgs/main/linux-64::gxx_impl_linux-64-7.3.0-hdf63c60_1
  gxx_linux-64       pkgs/main/linux-64::gxx_linux-64-7.3.0-h553295d_15
  harfbuzz           pkgs/main/linux-64::harfbuzz-1.8.8-hffaf4a1_0
  krb5               pkgs/main/linux-64::krb5-1.18.2-h173b8e3_0
  libcurl            pkgs/main/linux-64::libcurl-7.71.1-h20c2e04_1
  libgfortran-ng     pkgs/main/linux-64::libgfortran-ng-7.3.0-hdf63c60_0
  libssh2            pkgs/main/linux-64::libssh2-1.9.0-h1ba5d50_1
  libtiff            pkgs/main/linux-64::libtiff-4.1.0-h2733197_1
  lz4-c              pkgs/main/linux-64::lz4-c-1.9.2-he6710b0_1
  pango              pkgs/main/linux-64::pango-1.42.4-h049681c_0
  pixman             pkgs/main/linux-64::pixman-0.40.0-h7b6447c_0
  r-base             pkgs/r/linux-64::r-base-3.4.3-h9bb98a2_5
  tktable            pkgs/main/linux-64::tktable-2.10-h14c3975_0
  zstd               pkgs/main/linux-64::zstd-1.4.5-h9ceee32_0

The following packages will be DOWNGRADED:

  cffi                                1.14.1-py38he30daa8_0 --> 1.14.0-py38h2e261b9_0
  glib                                    2.65.0-h3eb4bd4_0 --> 2.63.1-h5a9c865_0
  libffi                                     3.3-he6710b0_2 --> 3.2.1-hd88cf55_4
  python                                   3.8.3-hcff3b4d_0 --> 3.8.2-h191fe78_0
  readline                                   8.0-h7b6447c_0 --> 7.0-h7b6447c_5


Proceed ([y]/n)? 

Downloading and Extracting Packages
graphite2-1.3.14     | 99 KB     |            |   0% graphite2-1.3.14     | 99 KB     | ########## | 100% 
bwidget-1.9.11       | 116 KB    |            |   0% bwidget-1.9.11       | 116 KB    | ########## | 100% 
pango-1.42.4         | 464 KB    |            |   0% pango-1.42.4         | 464 KB    | ########## | 100% 
curl-7.71.1          | 140 KB    |            |   0% curl-7.71.1          | 140 KB    | ########## | 100% 
gcc_linux-64-7.3.0   | 27 KB     |            |   0% gcc_linux-64-7.3.0   | 27 KB     | ########## | 100% 
pixman-0.40.0        | 370 KB    |            |   0% pixman-0.40.0        | 370 KB    | ########## | 100% 
gfortran_linux-64-7. | 27 KB     |            |   0% gfortran_linux-64-7. | 27 KB     | ########## | 100% 
libtiff-4.1.0        | 449 KB    |            |   0% libtiff-4.1.0        | 449 KB    | ########## | 100% 
libgfortran-ng-7.3.0 | 1006 KB   |            |   0% libgfortran-ng-7.3.0 | 1006 KB   | ########## | 100% 
libcurl-7.71.1       | 305 KB    |            |   0% libcurl-7.71.1       | 305 KB    | ########## | 100% 
binutils_linux-64-2. | 26 KB     |            |   0% binutils_linux-64-2. | 26 KB     | ########## | 100% 
gcc_impl_linux-64-7. | 41.9 MB   |            |   0% gcc_impl_linux-64-7. | 41.9 MB   | ##7        |  28% gcc_impl_linux-64-7. | 41.9 MB   | ######7    |  67% gcc_impl_linux-64-7. | 41.9 MB   | ########## | 100% 
r-base-3.4.3         | 25.9 MB   |            |   0% r-base-3.4.3         | 25.9 MB   | #####      |  50% r-base-3.4.3         | 25.9 MB   | ########## | 100% 
readline-7.0         | 324 KB    |            |   0% readline-7.0         | 324 KB    | ########## | 100% 
tktable-2.10         | 86 KB     |            |   0% tktable-2.10         | 86 KB     | ########## | 100% 
gxx_linux-64-7.3.0   | 26 KB     |            |   0% gxx_linux-64-7.3.0   | 26 KB     | ########## | 100% 
binutils_impl_linux- | 3.7 MB    |            |   0% binutils_impl_linux- | 3.7 MB    | ########## | 100% 
harfbuzz-1.8.8       | 507 KB    |            |   0% harfbuzz-1.8.8       | 507 KB    | ########## | 100% 
lz4-c-1.9.2          | 190 KB    |            |   0% lz4-c-1.9.2          | 190 KB    | ########## | 100% 
_r-mutex-1.0.0       | 3 KB      |            |   0% _r-mutex-1.0.0       | 3 KB      | ########## | 100% 
cffi-1.14.0          | 226 KB    |            |   0% cffi-1.14.0          | 226 KB    | ########## | 100% 
bzip2-1.0.8          | 78 KB     |            |   0% bzip2-1.0.8          | 78 KB     | ########## | 100% 
zstd-1.4.5           | 619 KB    |            |   0% zstd-1.4.5           | 619 KB    | ########## | 100% 
python-3.8.2         | 49.6 MB   |            |   0% python-3.8.2         | 49.6 MB   | ##2        |  22% python-3.8.2         | 49.6 MB   | #####      |  50% python-3.8.2         | 49.6 MB   | #######7   |  77% python-3.8.2         | 49.6 MB   | ########## | 100% 
fribidi-1.0.9        | 104 KB    |            |   0% fribidi-1.0.9        | 104 KB    | ########## | 100% 
libssh2-1.9.0        | 269 KB    |            |   0% libssh2-1.9.0        | 269 KB    | ########## | 100% 
gxx_impl_linux-64-7. | 15.0 MB   |            |   0% gxx_impl_linux-64-7. | 15.0 MB   | #########8 |  98% gxx_impl_linux-64-7. | 15.0 MB   | ########## | 100% 
libffi-3.2.1         | 40 KB     |            |   0% libffi-3.2.1         | 40 KB     | ########## | 100% 
krb5-1.18.2          | 1.3 MB    |            |   0% krb5-1.18.2          | 1.3 MB    | ########## | 100% 
cairo-1.14.12        | 906 KB    |            |   0% cairo-1.14.12        | 906 KB    | ########## | 100% 
glib-2.63.1          | 2.9 MB    |            |   0% glib-2.63.1          | 2.9 MB    | ########## | 100% 
gfortran_impl_linux- | 7.8 MB    |            |   0% gfortran_impl_linux- | 7.8 MB    | ########## | 100% 
Preparing transaction: ...working... done
Verifying transaction: ...working... done
Executing transaction: ...working... done
[91m   Updating[0m[91m registry at `~/.julia/registries/General`[0m[91m
[0m[91m#=#=#                                                                         [0m[91m#################################[0m[91m#################################        92.3%[0m[91m#########################################[0m[91m#######[0m[91m######################## 100.0%
[0m[91m  Resolving package versions...[0m[91m
[0m[91m  Installed[0m[91m [0m[91mRmath ──────────────────────── v0.6.1[0m[91m
[0m[91m  Installed[0m[91m [0m[91mPooledArrays ───────────────── v0.5.3[0m[91m
  Installed[0m[91m [0m[91mWinReg ─────────────────────── v0.3.1[0m[91m
[0m[91m  Installed[0m[91m [0m[91mSpecialFunctions ───────────── v0.10.3[0m[91m
[0m[91m  Installed[0m[91m RCall ──────────────────────── v0.13.7[0m[91m
  Installed InvertedIndices ────────────── v1.0.0
[0m[91m  Installed Missings ───────────────────── v0.4.3
[0m[91m  Installed[0m[91m [0m[91mDataFrames ─────────────────── v0.21.6[0m[91m
[0m[91m  Installed[0m[91m [0m[91mStatsModels ────────────────── v0.6.12[0m[91m
[0m[91m  Installed [0m[91mReexport ───────────────────── v0.2.0
[0m[91m  Installed Distributions ──────────────── v0.23.9[0m[91m
[0m[91m  Installed[0m[91m [0m[91mCompilerSupportLibraries_jll ─ v0.3.3+0[0m[91m
[0m[91m  Installed[0m[91m [0m[91mRmath_jll ──────────────────── v0.2.2+1[0m[91m
[0m[91m  Installed[0m[91m [0m[91mOpenSpecFun_jll ────────────── v0.5.3+3[0m[91m
[0m[91m  Installed[0m[91m [0m[91mFillArrays ─────────────────── v0.9.2[0m[91m
[0m[91m  Installed [0m[91mQuadGK ─────────────────────── v2.4.0[0m[91m
[0m[91m  Installed[0m[91m StatsBase ──────────────────── v0.33.0
[0m[91m  Installed[0m[91m [0m[91mDataStructures ─────────────── v0.17.20[0m[91m
[0m[91m  Installed[0m[91m [0m[91mShiftedArrays ──────────────── v1.0.0[0m[91m
[0m[91m  Installed SortingAlgorithms ──────────── v0.3.1[0m[91m
[0m[91m  Installed StatsFuns ──────────────────── v0.9.5[0m[91m
[0m[91m  Installed Compat ─────────────────────── v3.13.0
[0m[91m  Installed PDMats ─────────────────────── v0.10.0
[0m[91m  Installed CategoricalArrays ──────────── v0.8.1
[0m[91m                                                                           1.2%[0m[91m###########                           [0m[91m                                    15.8%[0m[91m##############################                                           [0m[91m 42.4%[0m[91m###########################[0m[91m#########################                      72.8%[0m[91m############################################[0m[91m##########################    98.2%[0m[91m##############################[0m[91m########################################## 100.0%[0m[91m
[0m[91m#=#=#                                                                         [0m[91m#####################################[0m[91m################################### 100.0%
[0m[91m######################################################################## 100.0%
[0m[91mUpdating `~/.julia/environments/v1.5/Project.toml`
 [0m[91m [6f49c342] + RCall v0.13.7[0m[91m
[0m[91mUpdating `~/.julia/environments/v1.5/Manifest.toml`
  [324d7699] + CategoricalArrays v0.8.1
  [34da2185] [0m[91m+ Compat v3.13.0
[0m[91m  [e66e0078] + CompilerSupportLibraries_jll v0.3.3+0
 [0m[91m [a93c6f00] + DataFrames v0.21.6
[0m[91m  [864edb3b] + DataStructures v0.17.20
 [0m[91m [31c24e10] + Distributions v0.23.9
[0m[91m  [1a297f60] + FillArrays v0.9.2
[0m[91m  [41ab1584] + InvertedIndices v1.0.0
  [e1d29d7a] + Missings v0.4.3
[0m[91m  [efe28fd5] [0m[91m+ OpenSpecFun_jll v0.5.3+3
[0m[91m  [90014a1f] + PDMats v0.10.0
[0m[91m [0m[91m [2dfb63ee] + PooledArrays v0.5.3[0m[91m
[0m[91m  [1fd47b50] + QuadGK v2.4.0
[0m[91m  [6f49c342] [0m[91m+ RCall v0.13.7
 [0m[91m [189a3867] + Reexport v0.2.0
[0m[91m [0m[91m [79098fc4] + Rmath v0.6.1
[0m[91m  [f50d1b31] + Rmath_jll v0.2.2+1
  [1277b4bf] + ShiftedArrays v1.0.0
  [a2af1166] + SortingAlgorithms v0.3.1
  [276daf66] + SpecialFunctions v0.10.3
  [2913bbd2] + StatsBase v0.33.0
  [4c63d2b9] + StatsFuns v0.9.5
  [3eaba693] [0m[91m+ StatsModels v0.6.12
  [1b915085] [0m[91m+ WinReg v0.3.1
[0m[91m  [9fa8497b] + Future[0m[91m
[0m[91m  [1a1011a3] [0m[91m+ SharedArrays
 [0m[91m [2f01184e] + SparseArrays[0m[91m
[0m[91m  [10745b16] [0m[91m+ Statistics
[0m[91m  [4607b0f0] + SuiteSparse[0m[91m
[0m[91m   Building RCall → `~/.julia/packages/RCall/Qzssx/deps/build.log`
[0m[91m   Building Conda → `~/.julia/packages/Conda/3rPhK/deps/build.log`
[0m[91m   Building RCall → `~/.julia/packages/RCall/Qzssx/deps/build.log`
[0mRemoving intermediate container af2f753e1e20
 ---> 98c51ef155cb
Step 11/19 : WORKDIR /work
 ---> Running in df31aae81646
Removing intermediate container df31aae81646
 ---> cd5b8a58490e
Step 12/19 : ENV JULIA_PROJECT=/work
 ---> Running in f9b3775f609c
Removing intermediate container f9b3775f609c
 ---> dc1d2b89b160
Step 13/19 : RUN julia -e 'using Pkg; Pkg.add([    PackageSpec(name="Franklin", version="0.9.1"),     PackageSpec(name="OhMyREPL", version="0.5.5"),     PackageSpec(name="Revise", version="2.7.3"),     PackageSpec(name="Plots", version="1.5.8"),     PackageSpec(name="GR", version="0.51.0"),     PackageSpec(name="SymPy", version="1.0.27"), ]); Pkg.pin(["Franklin", "OhMyREPL", "Revise", "Plots", "GR", "SymPy"]); '
 ---> Running in 5fea51f0791e
[91m   Updating[0m[91m registry at `~/.julia/registries/General`[0m[91m
[0m[91m  Resolving package versions...
[0m[91m  Installed[0m[91m [0m[91mFreeType2_jll ───── v2.10.1+3[0m[91m
[0m[91m  Installed[0m[91m [0m[91mAdapt ───────────── v2.0.2[0m[91m
[0m[91m  Installed[0m[91m [0m[91mGeometryBasics ──── v0.2.15[0m[91m
[0m[91m  Installed[0m[91m [0m[91mSymPy ───────────── v1.0.27[0m[91m
[0m[91m  Installed[0m[91m [0m[91mOhMyREPL ────────── v0.5.5[0m[91m
[0m[91m  Installed [0m[91mRevise ──────────── v2.7.3
[0m[91m  Installed[0m[91m [0m[91mPlots ───────────── v1.5.8[0m[91m
[0m[91m  Installed[0m[91m [0m[91mlibfdk_aac_jll ──── v0.1.6+3[0m[91m
[0m[91m  Installed[0m[91m [0m[91mCodeTracking ────── v0.5.11[0m[91m
[0m[91m  Installed[0m[91m [0m[91mStructArrays ────── v0.4.4[0m[91m
[0m[91m  Installed[0m[91m [0m[91mlibvorbis_jll ───── v1.3.6+5[0m[91m
[0m[91m  Installed[0m[91m [0m[91mIterTools ───────── v1.3.0[0m[91m
[0m[91m  Installed[0m[91m [0m[91mContour ─────────── v0.5.4[0m[91m
[0m[91m  Installed[0m[91m [0m[91mStaticArrays ────── v0.12.4[0m[91m
[0m[91m  Installed[0m[91m [0m[91mPlotThemes ──────── v2.0.0[0m[91m
[0m[91m  Installed[0m[91m [0m[91mLAME_jll ────────── v3.100.0+2[0m[91m
[0m[91m  Installed[0m[91m [0m[91mTokenize ────────── v0.5.8[0m[91m
[0m[91m  Installed[0m[91m [0m[91mFFMPEG ──────────── v0.3.0[0m[91m
[0m[91m  Installed[0m[91m [0m[91mNaNMath ─────────── v0.3.4[0m[91m
[0m[91m  Installed[0m[91m Ogg_jll ─────────── v1.3.4+1[0m[91m
[0m[91m  Installed[0m[91m [0m[91mFriBidi_jll ─────── v1.0.5+4[0m[91m
[0m[91m  Installed[0m[91m [0m[91mlibass_jll ──────── v0.14.0+3[0m[91m
[0m[91m  Installed[0m[91m [0m[91mOpus_jll ────────── v1.3.1+2[0m[91m
[0m[91m  Installed[0m[91m [0m[91mMeasures ────────── v0.3.1[0m[91m
[0m[91m  Installed[0m[91m [0m[91mGR ──────────────── v0.51.0[0m[91m
[0m[91m  Installed[0m[91m [0m[91mColors ──────────── v0.12.3[0m[91m
[0m[91m  Installed[0m[91m [0m[91mx264_jll ────────── v2020.7.14+1[0m[91m
[0m[91m  Installed[0m[91m [0m[91mFixedPointNumbers ─ v0.8.4
[0m[91m  Installed [0m[91mOpenSSL_jll ─────── v1.1.1+5[0m[91m
[0m[91m  Installed RecipesBase ─────── v1.0.2[0m[91m
[0m[91m  Installed[0m[91m [0m[91mRecipesPipeline ─── v0.1.11[0m[91m
[0m[91m  Installed[0m[91m [0m[91mFFMPEG_jll ──────── v4.3.1+1[0m[91m
[0m[91m  Installed[0m[91m [0m[91mx265_jll ────────── v3.0.0+2[0m[91m
[0m[91m  Installed[0m[91m [0m[91mBzip2_jll ───────── v1.0.6+3[0m[91m
[0m[91m  Installed[0m[91m [0m[91mPlotUtils ───────── v1.0.5[0m[91m
[0m[91m  Installed ColorTypes ──────── v0.10.8
[0m[91m  Installed[0m[91m [0m[91mLibVPX_jll ──────── v1.9.0+0[0m[91m
[0m[91m  Installed[0m[91m [0m[91mShowoff ─────────── v0.3.1[0m[91m
[0m[91m  Installed[0m[91m [0m[91mGeometryTypes ───── v0.8.3[0m[91m
[0m[91m  Installed[0m[91m [0m[91mLoweredCodeUtils ── v0.4.7[0m[91m
[0m[91m  Installed[0m[91m JuliaInterpreter ── v0.7.24[0m[91m
[0m[91m  Installed[0m[91m [0m[91mZlib_jll ────────── v1.2.11+15[0m[91m
[0m[91m  Installed ColorSchemes ────── v3.9.0
[0m[91m#############################################[0m[91m#############                81.2%[0m[91m#####################[0m[91m################################################### 100[0m[91m.0%[0m[91m
[0m[91m##########################################                                58.7%[0m[91m##################################################################[0m[91m###### 100.0%
[0m[91m################################################[0m[91m######################## 100.0%
[0m[91m######################################################################## 100.0%[0m[91m
[0m[91m######################################################################## [0m[91m100.0%
[0m[91m############################################################[0m[91m############ 100.0%
[0m[91m#########################################################[0m[91m############### 100.0%
[0m[91m###########################################################[0m[91m############# 100.0%
[0m[91m####################                               [0m[91m                       27.9%[0m[91m#########################################[0m[91m############################### 100.0%
[0m[91m####################                                                      28.7%[0m[91m#######################[0m[91m####################[0m[91m######[0m[91m####################### 100.0%
[0m[91m################                                           [0m[91m               23.2%[0m[91m#######################################################                  [0m[91m 77.6%[0m[91m########################[0m[91m################################################ 100.0%
[0m[91m#########################################################[0m[91m############### 100.0%
[0m[91m###############################################################[0m[91m######### 100.0%
[0m[91m###############################                      [0m[91m                     44.0%[0m[91m################################################################[0m[91m######## 100.0%
[0m[91m###################################################[0m[91m##################### 100.0%
[0m[91mUpdating `/work/Project.toml`
 [0m[91m [713c75ef] + Franklin v0.9.1[0m[91m
 [0m[91m [28b8d3ca] + GR v0.51.0
[0m[91m  [5fb14364] [0m[91m+ OhMyREPL v0.5.5
 [0m[91m [91a5bcdd] [0m[91m+ Plots v1.5.8
[0m[91m  [295af30f] [0m[91m+ Revise v2.7.3
[0m[91m  [24249f21] [0m[91m+ SymPy v1.0.27
[0m[91mUpdating `/work/Manifest.toml`
[0m[91m  [79e6a3ab] [0m[91m+ Adapt v2.0.2
[0m[91m  [6e34b625] + Bzip2_jll v1.0.6+3
[0m[91m  [da1fd8a2] + CodeTracking v0.5.11
  [35d6a980] + ColorSchemes v3.9.0
[0m[91m  [3da002f7] + ColorTypes v0.10.8
[0m[91m  [5ae59095] + Colors v0.12.3
[0m[91m  [e66e0078] [0m[91m+ CompilerSupportLibraries_jll v0.3.3+0
  [8f4d0f93] + Conda v1.4.1
  [d38c429a] [0m[91m+ Contour v0.5.4
  [a8cc5b0e] + Crayons v4.0.3
  [9a962f9c] + DataAPI v1.3.0
[0m[91m  [864edb3b] + DataStructures v0.17.20
  [e2d170a0] + DataValueInterfaces v1.0.0
[0m[91m  [ffbed154] [0m[91m+ DocStringExtensions v0.8.2
  [c87230d0] [0m[91m+ FFMPEG v0.3.0
[0m[91m  [b22a6f82] [0m[91m+ FFMPEG_jll v4.3.1+1
[0m[91m  [53c48c17] + FixedPointNumbers v0.8.4
[0m[91m  [713c75ef] + Franklin v0.9.1
[0m[91m  [3a985190] [0m[91m+ FranklinTemplates v0.7.2
[0m[91m [0m[91m [d7e528f0] + FreeType2_jll v2.10.1+3
[0m[91m  [559328eb] [0m[91m+ FriBidi_jll v1.0.5+4
  [28b8d3ca] + GR v0.51.0
[0m[91m  [5c1252a2] [0m[91m+ GeometryBasics v0.2.15
  [4d00f742] + GeometryTypes v0.8.3
  [cd3eb016] + HTTP v0.8.17
 [0m[91m [83e8ac13] + IniFile v0.5.0
  [c8e1da08] + IterTools v1.3.0
[0m[91m  [82899510] + IteratorInterfaceExtensions v1.0.0
[0m[91m  [682c06a0] + JSON v0.21.0
  [aa1ae85d] + JuliaInterpreter v0.7.24
[0m[91m [0m[91m [c1c5ebd0] + LAME_jll v3.100.0+2
[0m[91m  [dd192d2f] + LibVPX_jll v1.9.0+0
  [98b081ad] + Literate v2.5.1
[0m[91m  [16fef848] + LiveServer v0.5.2
[0m[91m  [6f1432cf] + LoweredCodeUtils v0.4.7
 [0m[91m [1914dd2f] + MacroTools v0.5.5
[0m[91m  [739be429] + MbedTLS v1.0.2
[0m[91m  [c8ffd9c3] [0m[91m+ MbedTLS_jll v2.16.6+1
[0m[91m  [442fdcdd] + Measures v0.3.1
[0m[91m  [e1d29d7a] + Missings v0.4.3[0m[91m
  [77ba4419] + NaNMath v0.3.4
[0m[91m  [2bd173c7] + NodeJS v1.1.1
[0m[91m  [e7412a2a] [0m[91m+ Ogg_jll v1.3.4+1
[0m[91m  [5fb14364] + OhMyREPL v0.5.5
[0m[91m  [458c3c95] + OpenSSL_jll v1.1.1+5
[0m[91m  [efe28fd5] + OpenSpecFun_jll v0.5.3+3
[0m[91m  [91d4177d] + Opus_jll v1.3.1+2
  [bac558e1] + OrderedCollections v1.3.0
[0m[91m  [69de0a69] + Parsers v1.0.10
  [ccf2f8ad] + PlotThemes v2.0.0
  [995b91a9] + PlotUtils v1.0.5
[0m[91m  [91a5bcdd] + Plots v1.5.8
  [438e738f] + PyCall v1.91.4
  [3cdcf5f2] + RecipesBase v1.0.2
  [01d81517] + RecipesPipeline v0.1.11
 [0m[91m [189a3867] + Reexport v0.2.0
  [ae029012] + Requires v1.0.1
  [295af30f] + Revise v2.7.3
  [992d4aef] + Showoff v0.3.1
  [a2af1166] [0m[91m+ SortingAlgorithms v0.3.1
  [276daf66] + SpecialFunctions v0.10.3
  [90137ffa] + StaticArrays v0.12.4
  [2913bbd2] + StatsBase v0.33.0
  [09ab397b] + StructArrays v0.4.4
 [0m[91m [24249f21] + SymPy v1.0.27
  [3783bdb8] + TableTraits v1.0.0
  [bd369af6] + Tables v1.0.5
 [0m[91m [0796e94c] + Tokenize v0.5.8
  [81def892] + VersionParsing v1.2.0
[0m[91m [0m[91m [83775a58] + Zlib_jll v1.2.11+15
[0m[91m [0m[91m [0ac62f75] + libass_jll v0.14.0+3
[0m[91m [0m[91m [f638f0a6] + libfdk_aac_jll v0.1.6+3
[0m[91m [0m[91m [f27f6e37] + libvorbis_jll v1.3.6+5
[0m[91m [0m[91m [1270edf5] + x264_jll v2020.7.14+1
[0m[91m [0m[91m [dfaa095f] + x265_jll v3.0.0+2
 [0m[91m [2a0f44e3] + Base64
  [ade2ca70] [0m[91m+ Dates
[0m[91m  [8bb1440f] [0m[91m+ DelimitedFiles
  [8ba89e20] + Distributed
[0m[91m  [7b1f6079] + FileWatching
  [b77e0a4c] [0m[91m+ InteractiveUtils
  [76f85450] + LibGit2
[0m[91m  [8f399da3] + Libdl
  [37e2e46d] [0m[91m+ LinearAlgebra
  [56ddb016] + Logging
[0m[91m  [d6f4376e] + Markdown
 [0m[91m [a63ad114] + Mmap
  [44cfe95a] + Pkg
[0m[91m  [de0858da] + Printf
[0m[91m  [3fa0cd96] + REPL
  [9a3f8284] + Random[0m[91m
  [ea8e919c] + SHA
[0m[91m  [9e88b42a] + Serialization
  [6462fe0b] [0m[91m+ Sockets
[0m[91m  [2f01184e] + SparseArrays
  [10745b16] + Statistics
  [8dfed614] + Test
[0m[91m  [cf7118a7] + UUIDs
  [4ec0a83e] + Unicode
[0m[91m   Building GR ───→ `~/.julia/packages/GR/8mv9N/deps/build.log`
[0m[91m   Building Plots → `~/.julia/packages/Plots/ViMfq/deps/build.log`
[0m[91m  Resolving package versions...
[0m[91mUpdating `/work/Project.toml`
[0m[91m  [713c75ef] [0m[91m↓ Franklin v0.9.1 ⇒ v0.9.1 ⚲
  [28b8d3ca] [0m[91m↓ GR v0.51.0 ⇒ v0.51.0 ⚲
  [5fb14364] ↓ OhMyREPL v0.5.5 ⇒ v0.5.5 ⚲
[0m[91m [0m[91m [91a5bcdd] ↓ Plots v1.5.8 ⇒ v1.5.8 ⚲
[0m[91m [0m[91m [295af30f] [0m[91m↓ Revise v2.7.3 ⇒ v2.7.3 ⚲
 [0m[91m [24249f21] [0m[91m↓ SymPy v1.0.27 ⇒ v1.0.27 ⚲
[0m[91mUpdating `/work/Manifest.toml`
  [713c75ef] ↓ Franklin v0.9.1 ⇒ v0.9.1 ⚲
  [28b8d3ca] ↓ GR v0.51.0 ⇒ v0.51.0 ⚲
  [5fb14364] ↓ OhMyREPL v0.5.5 ⇒ v0.5.5 ⚲
  [91a5bcdd] ↓ Plots v1.5.8 ⇒ v1.5.8 ⚲
  [295af30f] ↓ Revise v2.7.3 ⇒ v2.7.3 ⚲[0m[91m
  [24249f21] [0m[91m↓ SymPy v1.0.27 ⇒ v1.0.27 ⚲
[0mRemoving intermediate container 5fea51f0791e
 ---> c45398da5148
Step 14/19 : COPY Project.toml /work
 ---> 959bcbf9b4ac
Step 15/19 : RUN rm -f /work/Manifest.toml && julia --project=/work -e 'using Pkg; Pkg.instantiate(); Pkg.precompile()' && julia -e 'using InteractiveUtils; versioninfo()'
 ---> Running in bf8197b78ed3
[91m   Updating[0m[91m registry at `~/.julia/registries/General`[0m[91m
[0m[91m  Installed[0m[91m [0m[91mImageMagick ──────────────── v1.1.5[0m[91m
[0m[91m  Installed[0m[91m [0m[91mWGLMakie ─────────────────── v0.2.8[0m[91m
[0m[91m  Installed[0m[91m [0m[91mOffsetArrays ─────────────── v1.1.2[0m[91m
[0m[91m  Installed[0m[91m [0m[91mVisualRegressionTests ────── v1.0.0[0m[91m
[0m[91m  Installed[0m[91m [0m[91mPlotly ───────────────────── v0.3.0[0m[91m
[0m[91m  Installed[0m[91m Gtk ──────────────────────── v1.1.4[0m[91m
[0m[91m  Installed[0m[91m [0m[91mHDF5 ─────────────────────── v0.13.3[0m[91m
[0m[91m  Installed[0m[91m [0m[91mDistributions ────────────── v0.23.8[0m[91m
[0m[91m  Installed[0m[91m [0m[91mPlotlyJS ─────────────────── v0.13.1[0m[91m
[0m[91m  Installed[0m[91m [0m[91mBenchmarkTools ───────────── v0.5.0[0m[91m
[0m[91m  Installed[0m[91m [0m[91mJSServe ──────────────────── v0.6.9[0m[91m
[0m[91m  Installed[0m[91m [0m[91mImageShow ────────────────── v0.2.3[0m[91m
[0m[91m  Installed[0m[91m [0m[91mFileIO ───────────────────── v1.4.0[0m[91m
[0m[91m  Installed[0m[91m [0m[91mImages ───────────────────── v0.22.4[0m[91m
[0m[91m  Installed[0m[91m [0m[91mPyPlot ───────────────────── v2.9.0[0m[91m
[0m[91m  Installed TestImages ───────────────── v1.2.1
[0m[91m  Installed[0m[91m [0m[91mImageContainers ──────────── v0.1.1[0m[91m
[0m[91m  Installed[0m[91m [0m[91mDifferentialEquations ────── v6.15.0[0m[91m
[0m[91m  Installed[0m[91m [0m[91mStableRNGs ───────────────── v0.1.1[0m[91m
[0m[91m  Installed[0m[91m [0m[91mLaTeXStrings ─────────────── v1.1.0[0m[91m
[0m[91m  Installed[0m[91m [0m[91mJSXGraph ─────────────────── v0.1.6[0m[91m
[0m[91m  Installed[0m[91m ImageIO ──────────────────── v0.3.0[0m[91m
[0m[91m  Installed[0m[91m [0m[91mUnicodePlots ─────────────── v1.2.0[0m[91m
[0m[91m  Installed[0m[91m [0m[91mORCA ─────────────────────── v0.3.1[0m[91m
[0m[91m  Installed[0m[91m [0m[91mJpegTurbo_jll ────────────── v2.0.1+1[0m[91m
[0m[91m  Installed[0m[91m [0m[91mWoodburyMatrices ─────────── v0.5.2[0m[91m
[0m[91m  Installed[0m[91m [0m[91mXorg_libXdamage_jll ──────── v1.1.5+2[0m[91m
[0m[91m  Installed[0m[91m [0m[91mFFTViews ─────────────────── v0.3.1[0m[91m
[0m[91m  Installed[0m[91m [0m[91mPaddedViews ──────────────── v0.5.5[0m[91m
[0m[91m  Installed[0m[91m [0m[91mConstructionBase ─────────── v1.0.0[0m[91m
[0m[91m  Installed [0m[91mImageDistances ───────────── v0.2.7
[0m[91m  Installed PGFPlotsX ────────────────── v1.2.8
[0m[91m  Installed DiffEqBase ───────────────── v6.42.0
[0m[91m  Installed[0m[91m [0m[91mExponentialUtilities ─────── v1.7.0[0m[91m
[0m[91m  Installed[0m[91m [0m[91mSymbolicUtils ────────────── v0.4.3[0m[91m
[0m[91m  Installed[0m[91m [0m[91mDiffEqJump ───────────────── v6.9.4[0m[91m
[0m[91m  Installed[0m[91m [0m[91mSLEEFPirates ─────────────── v0.5.5[0m[91m
[0m[91m  Installed[0m[91m [0m[91mPango_jll ────────────────── v1.42.4+8[0m[91m
[0m[91m  Installed[0m[91m [0m[91miso_codes_jll ────────────── v4.3.0+1[0m[91m
[0m[91m  Installed Sundials ─────────────────── v4.2.5
[0m[91m  Installed[0m[91m RecursiveArrayTools ──────── v2.5.0[0m[91m
[0m[91m  Installed LineSearches ─────────────── v7.0.1
[0m[91m  Installed[0m[91m [0m[91mLabelledArrays ───────────── v1.3.0[0m[91m
[0m[91m  Installed[0m[91m WidgetsBase ──────────────── v0.1.2[0m[91m
[0m[91m  Installed[0m[91m [0m[91mColorVectorSpace ─────────── v0.8.5[0m[91m
[0m[91m  Installed[0m[91m [0m[91mGraphene_jll ─────────────── v1.10.0+2[0m[91m
[0m[91m  Installed[0m[91m [0m[91mMux ──────────────────────── v0.7.0[0m[91m
[0m[91m  Installed[0m[91m [0m[91mMustache ─────────────────── v1.0.4[0m[91m
[0m[91m  Installed[0m[91m [0m[91mMETIS_jll ────────────────── v5.1.0+4[0m[91m
[0m[91m  Installed[0m[91m [0m[91mEllipsisNotation ─────────── v0.4.0
[0m[91m  Installed[0m[91m [0m[91mJSExpr ───────────────────── v0.5.2
[0m[91m  Installed[0m[91m [0m[91mWayland_protocols_jll ────── v1.18.0+1[0m[91m
[0m[91m  Installed [0m[91mNameResolution ───────────── v0.1.4
[0m[91m  Installed [0m[91mChainRulesCore ───────────── v0.9.5[0m[91m
[0m[91m  Installed[0m[91m [0m[91mAbstractPlotting ─────────── v0.12.6[0m[91m
[0m[91m  Installed[0m[91m [0m[91mXorg_libXau_jll ──────────── v1.0.9+2[0m[91m
[0m[91m  Installed[0m[91m [0m[91mXorg_libxkbfile_jll ──────── v1.1.0+2[0m[91m
[0m[91m  Installed[0m[91m [0m[91mat_spi2_core_jll ─────────── v2.34.0+1
[0m[91m  Installed[0m[91m [0m[91mMappedArrays ─────────────── v0.2.2[0m[91m
[0m[91m  Installed MultiScaleArrays ─────────── v1.8.1[0m[91m
[0m[91m  Installed[0m[91m [0m[91mImageAxes ────────────────── v0.6.4[0m[91m
  Installed ComputationalResources ───── v0.3.2
[0m[91m  Installed[0m[91m [0m[91mMuladdMacro ──────────────── v0.2.2
[0m[91m  Installed[0m[91m [0m[91mLz4_jll ──────────────────── v1.9.2+2[0m[91m
[0m[91m  Installed[0m[91m [0m[91mHarfBuzz_jll ─────────────── v2.6.1+5[0m[91m
[0m[91m  Installed[0m[91m [0m[91mCEnum ────────────────────── v0.4.1[0m[91m
[0m[91m  Installed[0m[91m [0m[91mFreeTypeAbstraction ──────── v0.8.0[0m[91m
[0m[91m  Installed[0m[91m [0m[91mImageTransformations ─────── v0.8.5[0m[91m
[0m[91m  Installed[0m[91m [0m[91mLibtiff_jll ──────────────── v4.1.0+0[0m[91m
[0m[91m  Installed[0m[91m [0m[91mArnoldiMethod ────────────── v0.0.4[0m[91m
[0m[91m  Installed[0m[91m [0m[91mArgCheck ─────────────────── v2.1.0[0m[91m
[0m[91m  Installed[0m[91m [0m[91mDimensionalPlotRecipes ───── v1.2.0[0m[91m
[0m[91m  Installed[0m[91m [0m[91mPacking ──────────────────── v0.4.0[0m[91m
[0m[91m  Installed[0m[91m [0m[91mAnimations ───────────────── v0.4.0[0m[91m
[0m[91m  Installed[0m[91m [0m[91mAbstractFFTs ─────────────── v0.5.0[0m[91m
[0m[91m  Installed[0m[91m [0m[91mFormatting ───────────────── v0.4.1[0m[91m
[0m[91m  Installed FastClosures ─────────────── v0.3.2
[0m[91m  Installed[0m[91m [0m[91mFiniteDiff ───────────────── v2.5.2[0m[91m
[0m[91m  Installed[0m[91m [0m[91mgdk_pixbuf_jll ───────────── v2.38.2+6
[0m[91m  Installed[0m[91m [0m[91mXorg_libXcursor_jll ──────── v1.2.0+2[0m[91m
[0m[91m  Installed[0m[91m UnicodeFun ───────────────── v0.4.1[0m[91m
[0m[91m  Installed[0m[91m [0m[91mLibgcrypt_jll ────────────── v1.8.5+1[0m[91m
[0m[91m  Installed[0m[91m [0m[91mDistances ────────────────── v0.8.2[0m[91m
[0m[91m  Installed[0m[91m [0m[91mXorg_libXfixes_jll ───────── v5.0.3+2[0m[91m
[0m[91m  Installed[0m[91m StochasticDiffEq ─────────── v6.25.0[0m[91m
[0m[91m  Installed[0m[91m [0m[91mATK_jll ──────────────────── v2.34.1+2[0m[91m
[0m[91m  Installed[0m[91m ForwardDiff ──────────────── v0.10.12[0m[91m
[0m[91m  Installed[0m[91m [0m[91mDbus_jll ─────────────────── v1.12.16+0[0m[91m
[0m[91m  Installed[0m[91m [0m[91mGridLayoutBase ───────────── v0.3.3[0m[91m
[0m[91m  Installed[0m[91m [0m[91mImageFiltering ───────────── v0.6.14[0m[91m
[0m[91m  Installed[0m[91m [0m[91mImageMorphology ──────────── v0.2.8
[0m[91m  Installed[0m[91m [0m[91mCustomUnitRanges ─────────── v1.0.0
[0m[91m  Installed[0m[91m Xorg_libXtst_jll ─────────── v1.2.3+2[0m[91m
[0m[91m  Installed[0m[91m [0m[91mDiffResults ──────────────── v1.0.2[0m[91m
[0m[91m  Installed[0m[91m Hiccup ───────────────────── v0.2.2[0m[91m
[0m[91m  Installed[0m[91m CommonSubexpressions ─────── v0.3.0[0m[91m
[0m[91m  Installed [0m[91mHDF5_jll ─────────────────── v1.10.5+5
[0m[91m  Installed[0m[91m [0m[91mProgressLogging ──────────── v0.1.3[0m[91m
[0m[91m  Installed[0m[91m [0m[91mLibuuid_jll ──────────────── v2.34.0+4[0m[91m
[0m[91m  Installed[0m[91m [0m[91mSignedDistanceFields ─────── v0.4.0[0m[91m
[0m[91m  Installed[0m[91m [0m[91mRotations ────────────────── v1.0.1[0m[91m
[0m[91m  Installed [0m[91mXorg_libXext_jll ─────────── v1.3.4+2
[0m[91m  Installed[0m[91m [0m[91mLeftChildRightSiblingTrees ─ v0.1.2[0m[91m
[0m[91m  Installed[0m[91m [0m[91mAbstractTrees ────────────── v0.3.3[0m[91m
[0m[91m  Installed[0m[91m [0m[91mLibglvnd_jll ─────────────── v1.3.0+1[0m[91m
[0m[91m  Installed[0m[91m [0m[91mPrettyPrint ──────────────── v0.2.0[0m[91m
[0m[91m  Installed[0m[91m [0m[91mResettableStacks ─────────── v1.0.0[0m[91m
[0m[91m  Installed[0m[91m [0m[91mTiledIteration ───────────── v0.2.4[0m[91m
[0m[91m  Installed[0m[91m [0m[91mPCRE_jll ─────────────────── v8.42.0+2[0m[91m
[0m[91m  Installed[0m[91m [0m[91mNLsolve ──────────────────── v4.4.0[0m[91m
[0m[91m  Installed[0m[91m [0m[91mShaderAbstractions ───────── v0.2.2[0m[91m
[0m[91m  Installed[0m[91m [0m[91mLoopVectorization ────────── v0.8.22[0m[91m
[0m[91m  Installed[0m[91m [0m[91mModelingToolkit ──────────── v3.15.0[0m[91m
[0m[91m  Installed[0m[91m [0m[91mIntervalSets ─────────────── v0.5.1[0m[91m
[0m[91m  Installed[0m[91m [0m[91mGlib_jll ─────────────────── v2.59.0+2[0m[91m
[0m[91m  Installed[0m[91m [0m[91mBoundaryValueDiffEq ──────── v2.5.0[0m[91m
[0m[91m  Installed[0m[91m [0m[91mMsgPack ──────────────────── v1.1.0[0m[91m
[0m[91m  Installed[0m[91m [0m[91mIndirectArrays ───────────── v0.5.1[0m[91m
[0m[91m  Installed[0m[91m [0m[91mDiffEqNoiseProcess ───────── v5.1.1[0m[91m
[0m[91m  Installed[0m[91m [0m[91mImageContrastAdjustment ──── v0.3.5[0m[91m
[0m[91m  Installed[0m[91m [0m[91mCairo ────────────────────── v1.0.4[0m[91m
[0m[91m  Installed[0m[91m [0m[91mImageMetadata ────────────── v0.9.1
[0m[91m  Installed[0m[91m [0m[91mLibgpg_error_jll ─────────── v1.36.0+1[0m[91m
[0m[91m  Installed[0m[91m [0m[91mAssetRegistry ────────────── v0.1.0[0m[91m
[0m[91m  Installed[0m[91m [0m[91mObservables ──────────────── v0.3.1[0m[91m
[0m[91m  Installed[0m[91m [0m[91mGraphics ─────────────────── v1.0.2[0m[91m
[0m[91m  Installed[0m[91m [0m[91mSafeTestsets ─────────────── v0.0.1
[0m[91m  Installed[0m[91m [0m[91mUnitful ──────────────────── v1.4.0[0m[91m
[0m[91m  Installed[0m[91m [0m[91mhicolor_icon_theme_jll ───── v0.17.0+1[0m[91m
[0m[91m  Installed[0m[91m [0m[91mLibmount_jll ─────────────── v2.34.0+1[0m[91m
[0m[91m  Installed[0m[91m [0m[91mBlosc ────────────────────── v0.7.0[0m[91m
[0m[91m  Installed[0m[91m [0m[91mXSLT_jll ─────────────────── v1.1.33+2[0m[91m
[0m[91m  Installed[0m[91m [0m[91mCpuId ────────────────────── v0.2.2[0m[91m
[0m[91m  Installed OpenBLAS_jll ─────────────── v0.3.9+5
[0m[91m  Installed[0m[91m VertexSafeGraphs ─────────── v0.1.2
[0m[91m  Installed[0m[91m [0m[91mXorg_libxcb_jll ──────────── v1.13.0+2[0m[91m
[0m[91m  Installed[0m[91m [0m[91mJSON3 ────────────────────── v1.1.1[0m[91m
[0m[91m  Installed SteadyStateDiffEq ────────── v1.5.1
[0m[91m  Installed[0m[91m [0m[91mLatexify ─────────────────── v0.13.5[0m[91m
[0m[91m  Installed[0m[91m [0m[91mProgressMeter ────────────── v1.3.2
[0m[91m  Installed[0m[91m [0m[91mXorg_libpthread_stubs_jll ── v0.1.0+1[0m[91m
[0m[91m  Installed[0m[91m [0m[91mPNGFiles ─────────────────── v0.3.0[0m[91m
[0m[91m  Installed[0m[91m [0m[91mExpat_jll ────────────────── v2.2.7+3[0m[91m
[0m[91m  Installed[0m[91m [0m[91mDiffEqPhysics ────────────── v3.2.0[0m[91m
[0m[91m  Installed[0m[91m [0m[91mPidfile ──────────────────── v1.2.0[0m[91m
[0m[91m  Installed[0m[91m [0m[91mWebSockets ───────────────── v1.5.2[0m[91m
[0m[91m  Installed[0m[91m [0m[91mStringDistances ──────────── v0.8.0[0m[91m
[0m[91m  Installed[0m[91m [0m[91mMatch ────────────────────── v1.1.0[0m[91m
[0m[91m  Installed[0m[91m [0m[91mBandedMatrices ───────────── v0.15.15[0m[91m
[0m[91m  Installed[0m[91m [0m[91mOrdinaryDiffEq ───────────── v5.42.1[0m[91m
[0m[91m  Installed[0m[91m [0m[91mXorg_libXdmcp_jll ────────── v1.1.3+2[0m[91m
[0m[91m  Installed[0m[91m [0m[91mZstd_jll ─────────────────── v1.4.5+0[0m[91m
[0m[91m  Installed[0m[91m [0m[91mCairo_jll ────────────────── v1.16.0+4[0m[91m
[0m[91m  Installed[0m[91m [0m[91mLoggingExtras ────────────── v0.4.2[0m[91m
[0m[91m  Installed[0m[91m [0m[91mRoots ────────────────────── v1.0.5[0m[91m
[0m[91m  Installed[0m[91m [0m[91mBinDeps ──────────────────── v1.0.1[0m[91m
[0m[91m  Installed[0m[91m [0m[91mLZO_jll ──────────────────── v2.10.0+1[0m[91m
[0m[91m  Installed[0m[91m [0m[91mFFTW ─────────────────────── v1.2.2[0m[91m
[0m[91m  Installed[0m[91m [0m[91mZygoteRules ──────────────── v0.2.0[0m[91m
[0m[91m  Installed[0m[91m [0m[91mXorg_libXi_jll ───────────── v1.7.10+2[0m[91m
[0m[91m  Installed[0m[91m [0m[91mMLStyle ──────────────────── v0.4.5[0m[91m
[0m[91m  Installed[0m[91m [0m[91mMosaicViews ──────────────── v0.2.2[0m[91m
[0m[91m  Installed[0m[91m [0m[91mLightGraphs ──────────────── v1.3.3[0m[91m
[0m[91m  Installed[0m[91m [0m[91mRandomNumbers ────────────── v1.4.0[0m[91m
[0m[91m  Installed Combinatorics ────────────── v1.0.2[0m[91m
[0m[91m  Installed[0m[91m [0m[91mURIParser ────────────────── v0.4.1[0m[91m
[0m[91m  Installed[0m[91m [0m[91mMKL_jll ──────────────────── v2020.1.216+0[0m[91m
[0m[91m  Installed[0m[91m [0m[91mFillArrays ───────────────── v0.8.14[0m[91m
[0m[91m  Installed[0m[91m [0m[91mAxisAlgorithms ───────────── v1.0.0[0m[91m
[0m[91m  Installed[0m[91m [0m[91mSimpleTraits ─────────────── v0.9.2
[0m[91m  Installed[0m[91m [0m[91mLibiconv_jll ─────────────── v1.16.0+5[0m[91m
[0m[91m  Installed[0m[91m [0m[91mFFTW_jll ─────────────────── v3.3.9+5[0m[91m
[0m[91m  Installed[0m[91m [0m[91mGTK3_jll ─────────────────── v3.24.11+2[0m[91m
[0m[91m  Installed[0m[91m [0m[91mDiffEqCallbacks ──────────── v2.13.5[0m[91m
[0m[91m  Installed[0m[91m [0m[91mArrayInterface ───────────── v2.11.0[0m[91m
[0m[91m  Installed[0m[91m DiffEqFinancial ──────────── v2.4.0[0m[91m
[0m[91m  Installed[0m[91m [0m[91mAbstractAlgebra ──────────── v0.9.2[0m[91m
[0m[91m  Installed[0m[91m [0m[91mWebIO ────────────────────── v0.8.14[0m[91m
[0m[91m  Installed[0m[91m [0m[91mImageQualityIndexes ──────── v0.1.4[0m[91m
[0m[91m  Installed[0m[91m [0m[91mCatIndices ───────────────── v0.2.1[0m[91m
[0m[91m  Installed[0m[91m [0m[91mAxisArrays ───────────────── v0.4.3[0m[91m
[0m[91m  Installed[0m[91m [0m[91mRecursiveFactorization ───── v0.1.4[0m[91m
[0m[91m  Installed [0m[91mHyperscript ──────────────── v0.0.3
[0m[91m  Installed[0m[91m XML2_jll ─────────────────── v2.9.10+1[0m[91m
[0m[91m  Installed[0m[91m Libffi_jll ───────────────── v3.2.1+1[0m[91m
[0m[91m  Installed[0m[91m [0m[91mIntelOpenMP_jll ──────────── v2018.0.3+0[0m[91m
[0m[91m  Installed[0m[91m [0m[91mSIMDPirates ──────────────── v0.8.23[0m[91m
[0m[91m  Installed[0m[91m [0m[91mat_spi2_atk_jll ──────────── v2.34.1+1[0m[91m
[0m[91m  Installed[0m[91m [0m[91mDelayDiffEq ──────────────── v5.24.1[0m[91m
[0m[91m  Installed[0m[91m [0m[91mWidgets ──────────────────── v0.6.2[0m[91m
[0m[91m  Installed[0m[91m [0m[91mXorg_libXrender_jll ──────── v0.9.10+2[0m[91m
[0m[91m  Installed[0m[91m [0m[91mBlink ────────────────────── v0.12.3
[0m[91m  Installed[0m[91m [0m[91mBlosc_jll ────────────────── v1.14.3+1[0m[91m
[0m[91m  Installed[0m[91m [0m[91mSuiteSparse_jll ──────────── v5.4.0+8[0m[91m
[0m[91m  Installed[0m[91m [0m[91mXorg_libXrandr_jll ───────── v1.5.2+2[0m[91m
[0m[91m  Installed [0m[91mGenericSVD ───────────────── v0.3.0
[0m[91m  Installed [0m[91mCoordinateTransformations ── v0.6.0
[0m[91m  Installed[0m[91m [0m[91mLazy ─────────────────────── v0.15.1
[0m[91m  Installed[0m[91m Xorg_libXinerama_jll ─────── v1.1.4+2[0m[91m
[0m[91m  Installed[0m[91m [0m[91mRangeArrays ──────────────── v0.3.2[0m[91m
[0m[91m  Installed[0m[91m [0m[91mWayland_jll ──────────────── v1.17.0+1[0m[91m
[0m[91m  Installed[0m[91m [0m[91mLibepoxy_jll ─────────────── v1.5.4+0[0m[91m
[0m[91m  Installed[0m[91m Xorg_xkeyboard_config_jll ── v2.27.0+1[0m[91m
[0m[91m  Installed[0m[91m FunctionalCollections ────── v0.5.0[0m[91m
[0m[91m  Installed[0m[91m [0m[91mRatios ───────────────────── v0.4.0[0m[91m
[0m[91m  Installed[0m[91m [0m[91mArrayLayouts ─────────────── v0.3.8[0m[91m
[0m[91m  Installed[0m[91m [0m[91mJuliaVariables ───────────── v0.2.3
[0m[91m  Installed[0m[91m [0m[91mInterpolations ───────────── v0.12.10[0m[91m
[0m[91m  Installed[0m[91m [0m[91mFontconfig_jll ───────────── v2.13.1+12[0m[91m
[0m[91m  Installed[0m[91m [0m[91mTreeViews ────────────────── v0.3.0[0m[91m
[0m[91m  Installed[0m[91m [0m[91mQuartzImageIO ────────────── v0.7.2[0m[91m
[0m[91m  Installed[0m[91m [0m[91mSundials_jll ─────────────── v5.2.0+0[0m[91m
[0m[91m  Installed[0m[91m [0m[91mGraphite2_jll ────────────── v1.3.13+1[0m[91m
[0m[91m  Installed[0m[91m [0m[91mParameterizedFunctions ───── v5.4.0[0m[91m
[0m[91m  Installed[0m[91m [0m[91mStructTypes ──────────────── v1.1.0[0m[91m
[0m[91m  Installed[0m[91m [0m[91mIterativeSolvers ─────────── v0.8.4[0m[91m
[0m[91m  Installed[0m[91m [0m[91mPixman_jll ───────────────── v0.38.4+2[0m[91m
[0m[91m  Installed[0m[91m [0m[91mUnPack ───────────────────── v1.0.1[0m[91m
[0m[91m  Installed[0m[91m GeneralizedGenerated ─────── v0.2.5[0m[91m
[0m[91m  Installed[0m[91m [0m[91mTimerOutputs ─────────────── v0.5.6[0m[91m
[0m[91m  Installed[0m[91m [0m[91mGettext_jll ──────────────── v0.20.1+4[0m[91m
[0m[91m  Installed[0m[91m [0m[91mCanonicalTraits ──────────── v0.2.2[0m[91m
[0m[91m  Installed[0m[91m [0m[91mXorg_libXcomposite_jll ───── v0.4.5+2[0m[91m
[0m[91m  Installed[0m[91m [0m[91mColorBrewer ──────────────── v0.4.0[0m[91m
[0m[91m  Installed[0m[91m [0m[91mDiffRules ────────────────── v1.0.1[0m[91m
[0m[91m  Installed[0m[91m StatsBase ────────────────── v0.32.2[0m[91m
[0m[91m  Installed TerminalLoggers ──────────── v0.1.2
[0m[91m  Installed[0m[91m [0m[91madwaita_icon_theme_jll ───── v3.33.92+3[0m[91m
[0m[91m  Installed[0m[91m [0m[91mXorg_xtrans_jll ──────────── v1.4.0+1[0m[91m
[0m[91m  Installed[0m[91m [0m[91mParameters ───────────────── v0.12.1[0m[91m
[0m[91m  Installed[0m[91m [0m[91mXorg_xkbcomp_jll ─────────── v1.4.2+2[0m[91m
[0m[91m  Installed[0m[91m [0m[91mConsoleProgressMonitor ───── v0.1.2[0m[91m
[0m[91m  Installed[0m[91m [0m[91mInflate ──────────────────── v0.1.2[0m[91m
[0m[91m  Installed[0m[91m [0m[91mFreeType ─────────────────── v3.0.1[0m[91m
[0m[91m  Installed[0m[91m [0m[91mSparseDiffTools ──────────── v1.9.1[0m[91m
[0m[91m  Installed[0m[91m Xorg_libX11_jll ──────────── v1.6.9+2
[0m[91m  Installed[0m[91m [0m[91mlibpng_jll ───────────────── v1.6.37+3[0m[91m
[0m[91m  Installed [0m[91mPlotlyBase ───────────────── v0.3.1
[0m[91m  Installed NLSolversBase ────────────── v7.6.3
[0m[91m  Installed PoissonRandom ────────────── v0.4.0
[0m[91m  Installed[0m[91m [0m[91mVectorizationBase ────────── v0.12.31[0m[91m
[0m[91m  Installed xkbcommon_jll ────────────── v0.9.1+1
[0m[91m  Installed IdentityRanges ───────────── v0.3.1
[0m[91m  Installed ImageMagick_jll ──────────── v6.9.10-12+3[0m[91m
[0m[91m  Installed[0m[91m [0m[91mFunctionWrappers ─────────── v1.1.1[0m[91m
[0m[91m  Installed ImageCore ────────────────── v0.8.14
[0m[91m###################################[0m[91m############################           87.8%[0m[91m######################################################################## 1[0m[91m00.0%
[0m[91m######################################################################## 100.0%
[0m[91m#########################[0m[91m############################################### [0m[91m100.0%[0m[91m
[0m[91m####                                    [0m[91m                                   6.2%[0m[91m#######################################################                  [0m[91m 77.4%[0m[91m######################################################################## [0m[91m100.0%
[0m[91m######################################################################## 100.0%
[0m[91m######################################################################## 100.0%
[0m[91m###############################################[0m[91m######################### 100.0%
[0m[91m######################################################################## 1[0m[91m00.0%
[0m[91m#######################################################                   77.0%[0m[91m######################################################################## 100.0%[0m[91m
[0m[91m#####################################################[0m[91m################### 100.0%
[0m[91m######                                       [0m[91m                              8.4%[0m[91m#############################################               [0m[91m       [0m[91m       63.0%[0m[91m##################################################[0m[91m###################### 100.0%
[0m[91m########################################################################[0m[91m 100.0%
[0m[91m###########################   [0m[91m                                            38.3%[0m[91m####################################################################[0m[91m#### 100.0%
[0m[91m##############        [0m[91m                                                    20.4%[0m[91m######################################################################## 100.0%
[0m[91m#########################################################[0m[91m############### 100.0%
[0m[91m##############      [0m[91m                                                      19.7%[0m[91m######################################################################## 100.0%[0m[91m
[0m[91m######################################################################## [0m[91m100.0%
[0m[91m######################################################################## 100.0%
[0m[91m######################################################################## [0m[91m100.0%
[0m[91m#############################################[0m[91m########################### 100.0%[0m[91m
[0m[91m########################################                                 [0m[91m 56.9%[0m[91m######################################################################## [0m[91m100.0%
[0m[91m##############################            [0m[91m   [0m[91m [0m[91m  [0m[91m [0m[91m   [0m[91m  [0m[91m [0m[91m         [0m[91m [0m[91m [0m[91m [0m[91m [0m[91m  [0m[91m [0m[91m  [0m[91m 4[0m[91m2[0m[91m.3%[0m[91m######################################################################## 100.0%[0m[91m
[0m[91m###########################################                               60.9%[0m[91m######################################################################## 100.0%[0m[91m
[0m[91m#######################################################################  100.0%######################################################################## 100.0%
[0m[91m#####################################                                     51.9%[0m[91m######################################################################## 100.0%
[0m[91m#                                                                [0m[91m          1.8%[0m[91m##########################################                                58.7%[0m[91m######################################################################## 100.0%[0m[91m
[0m[91m######################################################################## [0m[91m100.0%
[0m[91m###################################[0m[91m##################################### [0m[91m100.0%[0m[91m
[0m[91m#####                                                                    [0m[91m  7.1%[0m[91m##########################################################[0m[91m############## 100.0%
[0m[91m######################################################[0m[91m################## 100.0%
[0m[91m###                                                                      [0m[91m  4.8%[0m[91m#####################################                    [0m[91m                 52.7%[0m[91m####################################################[0m[91m#################### 100.0%
[0m[91m########################                                                  33.5[0m[91m%[0m[91m#########################################[0m[91m############################### 100.0%
[0m[91m################################[0m[91m######################################## 100.0%
[0m[91m######################################################################## 100.0%
[0m[91m###########################################[0m[91m############################# 100.0%
[0m[91m######################################              [0m[91m                      53.1%[0m[91m##################################[0m[91m###########################[0m[91m########### 100.0%
[0m[91m##                                                                         3.9%[0m[91m#################################################################         90.6%[0m[91m######################################################################## 100.0%[0m[91m
[0m[91m######################################################################## 100.0%
[0m[91m##########################################                                58.5%[0m[91m######################################################################## 100.0%
[0m[91m######################################[0m[91m######################              84.1%[0m[91m######################################################################[0m[91m## 100.0%
[0m[91m#######################[0m[91m################################################# 100.[0m[91m0%
[0m[91m##                                                  [0m[91m                       2.8%[0m[91m##################                        [0m[91m                                25.8%[0m[91m#######################################                               [0m[91m    55.2%[0m[91m####################[0m[91m#########################[0m[91m##############               83.3%[0m[91m##################################[0m[91m###################################### 100.0%
[0m[91m##########################################################               [0m[91m 80.8%[0m[91m######################################################################## 100.0%
[0m[91m###############################################[0m[91m######################### [0m[91m100.0%
[0m[91m################################################[0m[91m######################## 1[0m[91m0[0m[91m0.[0m[91m0%
[0m[91m######################################################################## 100.0%
[0m[91m##########################[0m[91m############################################## 100.0%[0m[91m
[0m[91m#####################################################################[0m[91m### 100.0%[0m[91m
[0m[91m#################                                                         23.8%[0m[91m#############################################################[0m[91m########### 100.0%
[0m[91m######################################################################## 100.0%
[0m[91m######################################################################## [0m[91m100.0%
[0m[91m#############################################################             85.8%[0m[91m######################################################################## 100.0%
[0m[91m##################################################                       [0m[91m 69.9%[0m[91m######################################################################## [0m[91m100.0%
[0m[91m#################################################                        [0m[91m 68.2%[0m[91m######################################################################## 100.0%
[0m[91m######################################################################## [0m[91m100.0%
[0m[91m######################################################################## 100.0%
[0m[91m#####################                                                     29.9%[0m[91m######################################################################## [0m[91m100.0%
[0m[91m##########                                                  [0m[91m              14.3%[0m[91m#########################################[0m[91m############################### 100.0%
[0m[91m###                                                                        5.4%[0m[91m[0m[91m####[0m[91m###################################################                  [0m[91m 76.8%[0m[91m########################################################[0m[91m################ 100.0%
[0m[91m######################################################################## [0m[91m100.0%
[0m[91m####                                                                     [0m[91m  5.7%[0m[91m#################################                                         46.9%[0m[91m############################################################             [0m[91m 84.5%[0m[91m########################################################################[0m[91m 100.0%
[0m[91m####################  [0m[91m               [0m[91m                                     28.2%[0m[91m####################[0m[91m######[0m[91m#[0m[91m#[0m[91m###[0m[91m######[0m[91m###########[0m[91m#######[0m[91m################# 100.0%
[0m[91m#################################################[0m[91m####################### 100.0%
[0m[91m#                                                                        [0m[91m  1.9%[0m[91m###################                                                       26.5%[0m[91m##########################################                                59.3%[0m[91m######################################################[0m[91m#################   99.7%[0m[91m##################################[0m[91m############################[0m[91m########## 100.0%
[0m[91m#############################################################[0m[91m########### 100.0%[0m[91m
[0m[91m################                                                          22.8%[0m[91m######################################################################## 100.0%
[0m[91m##########################################################[0m[91m############## 100.0%
[0m[91mUpdating `/work/Project.toml`
[0m[91m [0m[91m [537997a7] + AbstractPlotting v0.12.6[0m[91m
  [6e4b80f9] + BenchmarkTools v0.5.0
  [0c46a032] + DifferentialEquations v6.15.0
  [31c24e10] + Distributions v0.23.8
  [5789e2e9] + FileIO v1.4.0
  [713c75ef] + Franklin v0.9.1
  [28b8d3ca] + GR v0.51.0
  [5c1252a2] + GeometryBasics v0.2.15
  [4d00f742] + GeometryTypes v0.8.3
  [4c0ca9eb] + Gtk v1.1.4
  [f67ccb44] + HDF5 v0.13.3
  [d7fcca20] + ImageContainers v0.1.1
  [82e4d734] + ImageIO v0.3.0
  [6218d12a] + ImageMagick v1.1.5
[0m[91m  [4e3cecfd] + ImageShow v0.2.3
  [916415d5] + Images v0.22.4
[0m[91m  [682c06a0] + JSON v0.21.0
[0m[91m  [824d6782] + JSServe v0.6.9
[0m[91m  [97e4c2e4] + JSXGraph v0.1.6[0m[91m
[0m[91m  [b964fa9f] + LaTeXStrings v1.1.0
[0m[91m  [98b081ad] + Literate v2.5.1
[0m[91m  [2bd173c7] + NodeJS v1.1.1
[0m[91m  [47be7bcc] + ORCA v0.3.1
  [6fe1bfb0] + OffsetArrays v1.1.2
[0m[91m  [5fb14364] + OhMyREPL v0.5.5
[0m[91m  [8314cec4] + PGFPlotsX v1.2.8
[0m[91m  [58dd65bb] [0m[91m+ Plotly v0.3.0
[0m[91m  [f0f68f2c] + PlotlyJS v0.13.1
[0m[91m  [91a5bcdd] [0m[91m+ Plots v1.5.8
[0m[91m  [438e738f] + PyCall v1.91.4
[0m[91m  [d330b81b] + PyPlot v2.9.0[0m[91m
[0m[91m  [6f49c342] + RCall v0.13.7
[0m[91m  [79b45036] [0m[91m+ Remark v0.3.0
[0m[91m  [295af30f] + Revise v2.7.3
[0m[91m  [276daf66] [0m[91m+ SpecialFunctions v0.10.3
[0m[91m  [860ef19b] + StableRNGs v0.1.1[0m[91m
 [0m[91m [90137ffa] + StaticArrays v0.12.4
[0m[91m  [24249f21] + SymPy v1.0.27
[0m[91m  [5e47fb64] + TestImages v1.2.1
  [b8865327] + UnicodePlots v1.2.0
  [34922c18] + VisualRegressionTests v1.0.0
  [276b4fcb] + WGLMakie v0.2.8
  [44d3d7a6] + Weave v0.10.2
Updating `/work/Manifest.toml`
  [7b86fcea] + ATK_jll v2.34.1+2
  [c3fe647b] + AbstractAlgebra v0.9.2
  [621f4979] + AbstractFFTs v0.5.0
  [537997a7] + AbstractPlotting v0.12.6
  [1520ce14] + AbstractTrees v0.3.3
  [79e6a3ab] + Adapt v2.0.2
  [27a7e980] [0m[91m+ Animations v0.4.0
  [dce04be8] + ArgCheck v2.1.0
  [ec485272] + ArnoldiMethod v0.0.4
[0m[91m  [4fba245c] + ArrayInterface v2.11.0[0m[91m
  [4c555306] + ArrayLayouts v0.3.8
[0m[91m  [bf4720bc] [0m[91m+ AssetRegistry v0.1.0
[0m[91m  [13072b0f] + AxisAlgorithms v1.0.0
[0m[91m  [39de3d68] + AxisArrays v0.4.3
[0m[91m [0m[91m [aae01518] + BandedMatrices v0.15.15
 [0m[91m [6e4b80f9] + BenchmarkTools v0.5.0
[0m[91m  [9e28174c] [0m[91m+ BinDeps v1.0.1
  [b99e7846] [0m[91m+ BinaryProvider v0.5.10
[0m[91m  [ad839575] + Blink v0.12.3
[0m[91m  [a74b3585] + Blosc v0.7.0[0m[91m
[0m[91m  [0b7ba130] + Blosc_jll v1.14.3+1
  [764a87c0] + BoundaryValueDiffEq v2.5.0
  [6e34b625] + Bzip2_jll v1.0.6+3
  [fa961155] + CEnum v0.4.1
  [159f3aea] + Cairo v1.0.4
  [83423d85] + Cairo_jll v1.16.0+4
  [a603d957] + CanonicalTraits v0.2.2
  [aafaddc9] + CatIndices v0.2.1
  [324d7699] + CategoricalArrays v0.8.1
  [d360d2e6] + ChainRulesCore v0.9.5
  [da1fd8a2] + CodeTracking v0.5.11
  [a2cac450] + ColorBrewer v0.4.0
  [35d6a980] + ColorSchemes v3.9.0
  [3da002f7] + ColorTypes v0.10.8
  [c3611d14] + ColorVectorSpace v0.8.5
  [5ae59095] + Colors v0.12.3
  [861a8166] + Combinatorics v1.0.2
  [bbf7d656] + CommonSubexpressions v0.3.0
  [34da2185] + Compat v3.13.0
[0m[91m  [e66e0078] + CompilerSupportLibraries_jll v0.3.3+0
  [ed09eef8] + ComputationalResources v0.3.2
  [8f4d0f93] + Conda v1.4.1
  [88cd18e8] + ConsoleProgressMonitor v0.1.2
  [187b0558] + ConstructionBase v1.0.0
  [d38c429a] + Contour v0.5.4
  [150eb455] + CoordinateTransformations v0.6.0
  [adafc99b] + CpuId v0.2.2
  [a8cc5b0e] + Crayons v4.0.3
  [dc8bdbbb] + CustomUnitRanges v1.0.0
  [9a962f9c] + DataAPI v1.3.0
 [0m[91m [a93c6f00] + DataFrames v0.21.6
  [864edb3b] + DataStructures v0.17.20
  [e2d170a0] + DataValueInterfaces v1.0.0
[0m[91m  [ee1fde0b] [0m[91m+ Dbus_jll v1.12.16+0
  [3f0dd361] + DefaultApplication v1.0.0
  [bcd4f6db] [0m[91m+ DelayDiffEq v5.24.1
  [2b5f629d] + DiffEqBase v6.42.0
  [459566f4] + DiffEqCallbacks v2.13.5
 [0m[91m [5a0ffddc] + DiffEqFinancial v2.4.0
  [c894b116] + DiffEqJump v6.9.4
  [77a26b50] + DiffEqNoiseProcess v5.1.1
[0m[91m  [055956cb] + DiffEqPhysics v3.2.0
  [163ba53b] + DiffResults v1.0.2
  [b552c78f] + DiffRules v1.0.1
  [0c46a032] + DifferentialEquations v6.15.0
[0m[91m  [c619ae07] + DimensionalPlotRecipes v1.2.0
  [b4f34e82] + Distances v0.8.2
  [31c24e10] + Distributions v0.23.8
  [ffbed154] + DocStringExtensions v0.8.2
  [e30172f5] + Documenter v0.25.1[0m[91m
  [997ab1e6] + DocumenterMarkdown v0.2.0
  [da5c29d0] + EllipsisNotation v0.4.0
[0m[91m  [2e619515] [0m[91m+ Expat_jll v2.2.7+3
  [d4d017d3] + ExponentialUtilities v1.7.0
  [c87230d0] [0m[91m+ FFMPEG v0.3.0
[0m[91m  [b22a6f82] [0m[91m+ FFMPEG_jll v4.3.1+1
  [4f61f5a4] + FFTViews v0.3.1
  [7a1cc6ca] [0m[91m+ FFTW v1.2.2
[0m[91m  [f5851436] [0m[91m+ FFTW_jll v3.3.9+5
  [9aa1b823] + FastClosures v0.3.2
 [0m[91m [5789e2e9] + FileIO v1.4.0
  [1a297f60] + FillArrays v0.8.14
  [6a86dc24] + FiniteDiff v2.5.2
[0m[91m  [53c48c17] + FixedPointNumbers v0.8.4
  [a3f928ae] + Fontconfig_jll v2.13.1+12
  [59287772] + Formatting v0.4.1
  [f6369f11] + ForwardDiff v0.10.12
  [713c75ef] + Franklin v0.9.1
  [3a985190] + FranklinTemplates v0.7.2
  [b38be410] + FreeType v3.0.1
  [d7e528f0] + FreeType2_jll v2.10.1+3
  [663a7486] + FreeTypeAbstraction v0.8.0
  [559328eb] + FriBidi_jll v1.0.5+4
  [069b7b12] + FunctionWrappers v1.1.1
  [de31a74c] + FunctionalCollections v0.5.0
  [28b8d3ca] + GR v0.51.0
  [77ec8976] + GTK3_jll v3.24.11+2
  [6b9d7cbe] + GeneralizedGenerated v0.2.5
  [01680d73] + GenericSVD v0.3.0
  [5c1252a2] + GeometryBasics v0.2.15
  [4d00f742] + GeometryTypes v0.8.3
[0m[91m  [78b55507] + Gettext_jll v0.20.1+4[0m[91m
[0m[91m  [7746bdde] [0m[91m+ Glib_jll v2.59.0+2
  [c27321d9] + Glob v1.3.0
[0m[91m  [75302f13] [0m[91m+ Graphene_jll v1.10.0+2
  [a2bd30eb] + Graphics v1.0.2
[0m[91m  [3b182d85] [0m[91m+ Graphite2_jll v1.3.13+1
  [3955a311] + GridLayoutBase v0.3.3
  [4c0ca9eb] [0m[91m+ Gtk v1.1.4
  [f67ccb44] + HDF5 v0.13.3
[0m[91m [0m[91m [0234f1f7] + HDF5_jll v1.10.5+5
  [cd3eb016] + HTTP v0.8.17
[0m[91m  [2e76f6c2] [0m[91m+ HarfBuzz_jll v2.6.1+5
  [9fb69e20] + Hiccup v0.2.2
  [eafb193a] [0m[91m+ Highlights v0.4.5
  [47d2ed2b] + Hyperscript v0.0.3
  [bbac6d45] + IdentityRanges v0.3.1
[0m[91m  [2803e5a7] + ImageAxes v0.6.4
  [d7fcca20] + ImageContainers v0.1.1
  [f332f351] + ImageContrastAdjustment v0.3.5
[0m[91m  [a09fc81d] + ImageCore v0.8.14
  [51556ac3] + ImageDistances v0.2.7
  [6a3955dd] [0m[91m+ ImageFiltering v0.6.14
  [82e4d734] + ImageIO v0.3.0
  [6218d12a] + ImageMagick v1.1.5
[0m[91m  [c73af94c] [0m[91m+ ImageMagick_jll v6.9.10-12+3
  [bc367c6b] + ImageMetadata v0.9.1
  [787d08f9] + ImageMorphology v0.2.8[0m[91m
  [2996bd0c] + ImageQualityIndexes v0.1.4
  [4e3cecfd] + ImageShow v0.2.3
  [02fcd773] [0m[91m+ ImageTransformations v0.8.5
  [916415d5] + Images v0.22.4
  [9b13fd28] + IndirectArrays v0.5.1
[0m[91m  [d25df0c9] + Inflate v0.1.2
  [83e8ac13] + IniFile v0.5.0
[0m[91m  [1d5cc7b8] [0m[91m+ IntelOpenMP_jll v2018.0.3+0
  [a98d9a8b] + Interpolations v0.12.10
 [0m[91m [8197267c] + IntervalSets v0.5.1
  [41ab1584] + InvertedIndices v1.0.0
  [c8e1da08] + IterTools v1.3.0
[0m[91m  [42fd0dbc] + IterativeSolvers v0.8.4
  [82899510] + IteratorInterfaceExtensions v1.0.0
[0m[91m  [97c1335a] + JSExpr v0.5.2
  [682c06a0] + JSON v0.21.0
  [0f8b85d8] + JSON3 v1.1.1
[0m[91m  [824d6782] + JSServe v0.6.9
  [97e4c2e4] + JSXGraph v0.1.6
[0m[91m  [aacddb02] + JpegTurbo_jll v2.0.1+1
[0m[91m  [aa1ae85d] + JuliaInterpreter v0.7.24
  [b14d175d] + JuliaVariables v0.2.3
[0m[91m  [c1c5ebd0] [0m[91m+ LAME_jll v3.100.0+2
[0m[91m  [dd4b983a] [0m[91m+ LZO_jll v2.10.0+1
  [b964fa9f] + LaTeXStrings v1.1.0
  [2ee39098] + LabelledArrays v1.3.0
 [0m[91m [23fbe1c1] + Latexify v0.13.5
  [50d2b5c4] + Lazy v0.15.1
 [0m[91m [1d6d02ad] + LeftChildRightSiblingTrees v0.1.2
[0m[91m  [dd192d2f] [0m[91m+ LibVPX_jll v1.9.0+0
[0m[91m  [42c93a91] + Libepoxy_jll v1.5.4+0
[0m[91m  [e9f186c6] [0m[91m+ Libffi_jll v3.2.1+1
[0m[91m  [d4300ac3] + Libgcrypt_jll v1.8.5+1
[0m[91m  [7e76a0d4] + Libglvnd_jll v1.3.0+1
[0m[91m  [7add5ba3] + Libgpg_error_jll v1.36.0+1
[0m[91m  [94ce4f54] + Libiconv_jll v1.16.0+5
[0m[91m [0m[91m [4b2f31a3] + Libmount_jll v2.34.0+1
[0m[91m  [89763e89] + Libtiff_jll v4.1.0+0
[0m[91m  [38a345b3] + Libuuid_jll v2.34.0+4
[0m[91m  [093fc24a] + LightGraphs v1.3.3
  [d3d80556] + LineSearches v7.0.1
  [98b081ad] + Literate v2.5.1
 [0m[91m [16fef848] + LiveServer v0.5.2
  [e6f89c97] + LoggingExtras v0.4.2
  [bdcacae8] + LoopVectorization v0.8.22
  [6f1432cf] + LoweredCodeUtils v0.4.7[0m[91m
[0m[91m  [5ced341a] + Lz4_jll v1.9.2+2
[0m[91m  [d00139f3] + METIS_jll v5.1.0+4
[0m[91m  [856f044c] + MKL_jll v2020.1.216+0
[0m[91m  [d8e11817] + MLStyle v0.4.5
  [1914dd2f] + MacroTools v0.5.5
  [dbb5928d] + MappedArrays v0.2.2
[0m[91m  [7eb4fadd] + Match v1.1.0
  [739be429] + MbedTLS v1.0.2
[0m[91m  [c8ffd9c3] + MbedTLS_jll v2.16.6+1
[0m[91m  [442fdcdd] + Measures v0.3.1
  [e1d29d7a] + Missings v0.4.3
  [961ee093] + ModelingToolkit v3.15.0
[0m[91m  [e94cdb99] + MosaicViews v0.2.2
  [99f44e22] + MsgPack v1.1.0
  [46d2c3a1] + MuladdMacro v0.2.2
 [0m[91m [f9640e96] + MultiScaleArrays v1.8.1
  [ffc61752] + Mustache v1.0.4
  [a975b10e] + Mux v0.7.0
  [d41bc354] + NLSolversBase v7.6.3
[0m[91m  [2774e3e8] + NLsolve v4.4.0
  [77ba4419] + NaNMath v0.3.4
  [71a1bf82] + NameResolution v0.1.4
[0m[91m  [2bd173c7] + NodeJS v1.1.1
[0m[91m  [47be7bcc] + ORCA v0.3.1
  [510215fc] + Observables v0.3.1
  [6fe1bfb0] + OffsetArrays v1.1.2
[0m[91m  [e7412a2a] + Ogg_jll v1.3.4+1
[0m[91m  [5fb14364] + OhMyREPL v0.5.5
[0m[91m  [4536629a] + OpenBLAS_jll v0.3.9+5
[0m[91m  [458c3c95] + OpenSSL_jll v1.1.1+5
[0m[91m  [efe28fd5] + OpenSpecFun_jll v0.5.3+3
[0m[91m  [91d4177d] + Opus_jll v1.3.1+2
[0m[91m  [bac558e1] + OrderedCollections v1.3.0
  [1dea7af3] + OrdinaryDiffEq v5.42.1
[0m[91m  [2f80f16e] + PCRE_jll v8.42.0+2
[0m[91m  [90014a1f] + PDMats v0.10.0
  [8314cec4] + PGFPlotsX v1.2.8
  [f57f5aa1] + PNGFiles v0.3.0
  [19eb6ba3] [0m[91m+ Packing v0.4.0
  [5432bcbf] + PaddedViews v0.5.5
[0m[91m  [36c8627f] + Pango_jll v1.42.4+8
[0m[91m  [65888b18] + ParameterizedFunctions v5.4.0
  [d96e819e] + Parameters v0.12.1
  [69de0a69] + Parsers v1.0.10
[0m[91m  [fa939f87] + Pidfile v1.2.0
[0m[91m  [30392449] + Pixman_jll v0.38.4+2
[0m[91m  [ccf2f8ad] + PlotThemes v2.0.0
  [995b91a9] + PlotUtils v1.0.5
  [58dd65bb] + Plotly v0.3.0
[0m[91m  [a03496cd] + PlotlyBase v0.3.1
  [f0f68f2c] + PlotlyJS v0.13.1
  [91a5bcdd] + Plots v1.5.8
[0m[91m  [e409e4f3] + PoissonRandom v0.4.0
  [2dfb63ee] + PooledArrays v0.5.3
  [8162dcfd] + PrettyPrint v0.2.0
  [33c8b6b6] [0m[91m+ ProgressLogging v0.1.3
  [92933f4c] + ProgressMeter v1.3.2
  [438e738f] + PyCall v1.91.4
  [d330b81b] + PyPlot v2.9.0
[0m[91m  [1fd47b50] + QuadGK v2.4.0
  [dca85d43] + QuartzImageIO v0.7.2
  [6f49c342] + RCall v0.13.7
  [e6cf234a] [0m[91m+ RandomNumbers v1.4.0
  [b3c3ace0] + RangeArrays v0.3.2
  [c84ed2f1] + Ratios v0.4.0
  [3cdcf5f2] + RecipesBase v1.0.2
[0m[91m  [01d81517] + RecipesPipeline v0.1.11
  [731186ca] + RecursiveArrayTools v2.5.0
  [f2c3362d] + RecursiveFactorization v0.1.4
  [189a3867] + Reexport v0.2.0
[0m[91m  [79b45036] + Remark v0.3.0
  [ae029012] + Requires v1.0.1
  [ae5879a3] + ResettableStacks v1.0.0
  [295af30f] [0m[91m+ Revise v2.7.3
  [79098fc4] + Rmath v0.6.1
[0m[91m  [f50d1b31] + Rmath_jll v0.2.2+1
[0m[91m  [f2b01f46] + Roots v1.0.5
  [6038ab10] + Rotations v1.0.1
  [21efa798] + SIMDPirates v0.8.23
[0m[91m  [476501e8] + SLEEFPirates v0.5.5
  [1bc83da4] + SafeTestsets v0.0.1
  [65257c39] + ShaderAbstractions v0.2.2
[0m[91m  [1277b4bf] + ShiftedArrays v1.0.0
  [992d4aef] + Showoff v0.3.1
  [73760f76] + SignedDistanceFields v0.4.0
  [699a6c99] + SimpleTraits v0.9.2
[0m[91m  [a2af1166] + SortingAlgorithms v0.3.1
  [47a9eef4] + SparseDiffTools v1.9.1
  [276daf66] + SpecialFunctions v0.10.3
[0m[91m  [860ef19b] + StableRNGs v0.1.1
  [90137ffa] + StaticArrays v0.12.4
  [2913bbd2] + StatsBase v0.32.2
 [0m[91m [4c63d2b9] + StatsFuns v0.9.5
  [3eaba693] + StatsModels v0.6.12
  [9672c7b4] + SteadyStateDiffEq v1.5.1
  [789caeaf] + StochasticDiffEq v6.25.0
[0m[91m  [88034a9c] + StringDistances v0.8.0
  [09ab397b] + StructArrays v0.4.4
  [856f2bd8] + StructTypes v1.1.0
[0m[91m  [bea87d4a] + SuiteSparse_jll v5.4.0+8
[0m[91m  [c3572dad] + Sundials v4.2.5
[0m[91m  [fb77eaff] + Sundials_jll v5.2.0+0
[0m[91m  [24249f21] + SymPy v1.0.27
  [d1185830] + SymbolicUtils v0.4.3
  [3783bdb8] + TableTraits v1.0.0
  [bd369af6] [0m[91m+ Tables v1.0.5
  [5d786b92] + TerminalLoggers v0.1.2
  [5e47fb64] + TestImages v1.2.1
[0m[91m  [06e1c1a7] + TiledIteration v0.2.4
  [a759f4b9] + TimerOutputs v0.5.6
  [0796e94c] + Tokenize v0.5.8
[0m[91m  [a2a6695c] + TreeViews v0.3.0
  [30578b45] + URIParser v0.4.1
  [3a884ed6] + UnPack v1.0.1
  [1cfade01] + UnicodeFun v0.4.1
[0m[91m  [b8865327] + UnicodePlots v1.2.0
  [1986cc42] + Unitful v1.4.0
  [3d5dd08c] + VectorizationBase v0.12.31
 [0m[91m [81def892] + VersionParsing v1.2.0
  [19fa3120] + VertexSafeGraphs v0.1.2
  [34922c18] + VisualRegressionTests v1.0.0
  [276b4fcb] + WGLMakie v0.2.8
[0m[91m  [a2964d1f] + Wayland_jll v1.17.0+1
[0m[91m  [2381bf8a] + Wayland_protocols_jll v1.18.0+1
[0m[91m  [44d3d7a6] + Weave v0.10.2
  [0f1e0344] + WebIO v0.8.14
  [104b5d7c] + WebSockets v1.5.2
 [0m[91m [cc8bc4a8] + Widgets v0.6.2
  [eead4739] + WidgetsBase v0.1.2
  [1b915085] + WinReg v0.3.1
  [efce3f68] + WoodburyMatrices v0.5.2
[0m[91m  [02c8fc9c] + XML2_jll v2.9.10+1
[0m[91m  [aed1982a] + XSLT_jll v1.1.33+2
[0m[91m  [4f6342f7] + Xorg_libX11_jll v1.6.9+2
[0m[91m  [0c0b7dd1] + Xorg_libXau_jll v1.0.9+2
[0m[91m  [3c9796d7] + Xorg_libXcomposite_jll v0.4.5+2
[0m[91m  [935fb764] + Xorg_libXcursor_jll v1.2.0+2
[0m[91m  [0aeada51] + Xorg_libXdamage_jll v1.1.5+2
[0m[91m  [a3789734] + Xorg_libXdmcp_jll v1.1.3+2
[0m[91m  [1082639a] + Xorg_libXext_jll v1.3.4+2
[0m[91m  [d091e8ba] + Xorg_libXfixes_jll v5.0.3+2
[0m[91m  [a51aa0fd] + Xorg_libXi_jll v1.7.10+2
[0m[91m  [d1454406] + Xorg_libXinerama_jll v1.1.4+2
[0m[91m  [ec84b674] + Xorg_libXrandr_jll v1.5.2+2
[0m[91m  [ea2f1a96] + Xorg_libXrender_jll v0.9.10+2
[0m[91m  [b6f176f1] + Xorg_libXtst_jll v1.2.3+2
[0m[91m  [14d82f49] + Xorg_libpthread_stubs_jll v0.1.0+1
[0m[91m  [c7cfdc94] + Xorg_libxcb_jll v1.13.0+2
[0m[91m  [cc61e674] + Xorg_libxkbfile_jll v1.1.0+2
[0m[91m  [35661453] + Xorg_xkbcomp_jll v1.4.2+2
[0m[91m  [33bec58e] + Xorg_xkeyboard_config_jll v2.27.0+1
[0m[91m  [c5fb5394] + Xorg_xtrans_jll v1.4.0+1
[0m[91m  [ddb6d928] + YAML v0.4.0
[0m[91m  [83775a58] + Zlib_jll v1.2.11+15
[0m[91m  [3161d3a3] + Zstd_jll v1.4.5+0
[0m[91m  [700de1a5] + ZygoteRules v0.2.0
[0m[91m  [b437f822] + adwaita_icon_theme_jll v3.33.92+3
[0m[91m  [de012916] + at_spi2_atk_jll v2.34.1+1
[0m[91m  [0fc3237b] + at_spi2_core_jll v2.34.0+1
[0m[91m  [da03df04] + gdk_pixbuf_jll v2.38.2+6
[0m[91m  [059c91fe] + hicolor_icon_theme_jll v0.17.0+1
[0m[91m  [bf975903] + iso_codes_jll v4.3.0+1
[0m[91m  [0ac62f75] + libass_jll v0.14.0+3
[0m[91m  [f638f0a6] + libfdk_aac_jll v0.1.6+3
[0m[91m  [b53b4c65] + libpng_jll v1.6.37+3
[0m[91m  [f27f6e37] + libvorbis_jll v1.3.6+5
[0m[91m  [1270edf5] + x264_jll v2020.7.14+1
[0m[91m  [dfaa095f] + x265_jll v3.0.0+2
[0m[91m  [d8fb68d0] + xkbcommon_jll v0.9.1+1
[0m[91m  [2a0f44e3] + Base64
  [ade2ca70] + Dates
  [8bb1440f] + DelimitedFiles
[0m[91m  [8ba89e20] + Distributed
  [7b1f6079] + FileWatching
  [9fa8497b] + Future
  [b77e0a4c] [0m[91m+ InteractiveUtils
  [76f85450] + LibGit2
  [8f399da3] + Libdl
  [37e2e46d] + LinearAlgebra
[0m[91m  [56ddb016] + Logging
  [d6f4376e] + Markdown
  [a63ad114] + Mmap
  [44cfe95a] + Pkg
[0m[91m  [de0858da] + Printf
  [3fa0cd96] + REPL
  [9a3f8284] + Random
[0m[91m  [ea8e919c] + SHA
  [9e88b42a] + Serialization
  [1a1011a3] + SharedArrays
  [6462fe0b] [0m[91m+ Sockets
  [2f01184e] + SparseArrays
  [10745b16] + Statistics
[0m[91m  [4607b0f0] + SuiteSparse
  [8dfed614] + Test
  [cf7118a7] + UUIDs
[0m[91m  [4ec0a83e] + Unicode
[0m[91m   Building WebIO ───────→ `~/.julia/packages/WebIO/nTMDV/deps/build.log`
[0m[91m   Building Blink ───────→ `~/.julia/packages/Blink/u1xcH/deps/build.log`
[0m[91m   Building PlotlyJS ────→ `~/.julia/packages/PlotlyJS/AhkM5/deps/build.log`
[0m[91m   Building HDF5 ────────→ `~/.julia/packages/HDF5/QXcoh/deps/build.log`
[0m[91m   Building ORCA ────────→ `~/.julia/packages/ORCA/fiEmb/deps/build.log`[0m[91m
[0m[91m   Building SLEEFPirates → `~/.julia/packages/SLEEFPirates/jGsib/deps/build.log`
[0m[91m   Building FFTW ────────→ `~/.julia/packages/FFTW/kcXL6/deps/build.log`
[0m[91mPrecompiling project...
[0m[91m┌ Warning: `@get!(dict, key, default)` at /root/.julia/packages/WebIO/nTMDV/src/scope.jl:160 is deprecated, use `get!(()->default, dict, key)` instead.
└ @ Base deprecated.jl:204
[0m[91m┌ Warning: `@get!(dict, key, default)` at /root/.julia/packages/WebIO/nTMDV/src/scope.jl:357 is deprecated, use `get!(()->default, dict, key)` instead.
└ @ Base deprecated.jl:204
[0m[91mWARNING: using HTTP.stack in module Mux conflicts with an existing identifier.
[0mJulia Version 1.5.0
Commit 96786e22cc (2020-08-01 23:44 UTC)
Platform Info:
  OS: Linux (x86_64-pc-linux-gnu)
  CPU: Intel(R) Xeon(R) Platinum 8171M CPU @ 2.60GHz
  WORD_SIZE: 64
  LIBM: libopenlibm
  LLVM: libLLVM-9.0.1 (ORCJIT, skylake)
Environment:
  JULIA_GPG = 3673DF529D9049477F76B37566E3C7DC03D6E495
  JULIA_PATH = /usr/local/julia
  JULIA_PROJECT = /work
  JULIA_VERSION = 1.5.0
Removing intermediate container bf8197b78ed3
 ---> 7c66cf44b321
Step 16/19 : ENV GKSwstype=100
 ---> Running in b2edd594f878
Removing intermediate container b2edd594f878
 ---> fb32588e1011
Step 17/19 : ENV JULIA_NUM_THREADS=4
 ---> Running in a3c3d9048b68
Removing intermediate container a3c3d9048b68
 ---> c062ff7bc402
Step 18/19 : EXPOSE 8000
 ---> Running in 62205f375428
Removing intermediate container 62205f375428
 ---> ce1d8a59593b
Step 19/19 : CMD ["julia"]
 ---> Running in a13fe2f42fd0
Removing intermediate container a13fe2f42fd0
 ---> 5c6b5ec6523c
Successfully built 5c6b5ec6523c
Successfully tagged my_awesome_image:latest
